<?xml version="1.0" encoding="ISO-8859-1" ?>
<link_info>
   <banner>TI ARM Linker PC v18.12.3.LTS</banner>
   <copyright>Copyright (c) 1996-2018 Texas Instruments Incorporated</copyright>
   <link_time>0x5da09725</link_time>
   <link_errors>0x0</link_errors>
   <output_file>uartecho_MSP_EXP432P401R_nortos_ccs.out</output_file>
   <entry_point>
      <name>resetISR</name>
      <address>0x324d</address>
   </entry_point>
   <input_file_list>
      <input_file id="fl-2">
         <path>.\</path>
         <kind>object</kind>
         <file>main_nortos.obj</file>
         <name>main_nortos.obj</name>
      </input_file>
      <input_file id="fl-3">
         <path>.\</path>
         <kind>object</kind>
         <file>uartecho.obj</file>
         <name>uartecho.obj</name>
      </input_file>
      <input_file id="fl-4">
         <path>.\syscfg\</path>
         <kind>object</kind>
         <file>ti_drivers_config.obj</file>
         <name>ti_drivers_config.obj</name>
      </input_file>
      <input_file id="fl-f">
         <kind>object</kind>
         <file>&lt;internal&gt;</file>
         <name>&lt;internal&gt;</name>
      </input_file>
      <input_file id="fl-10">
         <path>C:\ti\simplelink_msp432p4_sdk_3_30_00_13\source\ti\drivers\lib\</path>
         <kind>archive</kind>
         <file>drivers_msp432p401x.aem4f</file>
         <name>GPIOMSP432.oem4f</name>
      </input_file>
      <input_file id="fl-11">
         <path>C:\ti\simplelink_msp432p4_sdk_3_30_00_13\source\ti\drivers\lib\</path>
         <kind>archive</kind>
         <file>drivers_msp432p401x.aem4f</file>
         <name>PowerMSP432.oem4f</name>
      </input_file>
      <input_file id="fl-12">
         <path>C:\ti\simplelink_msp432p4_sdk_3_30_00_13\source\ti\drivers\lib\</path>
         <kind>archive</kind>
         <file>drivers_msp432p401x.aem4f</file>
         <name>UART.oem4f</name>
      </input_file>
      <input_file id="fl-13">
         <path>C:\ti\simplelink_msp432p4_sdk_3_30_00_13\source\ti\drivers\lib\</path>
         <kind>archive</kind>
         <file>drivers_msp432p401x.aem4f</file>
         <name>UARTMSP432.oem4f</name>
      </input_file>
      <input_file id="fl-14">
         <path>C:\ti\simplelink_msp432p4_sdk_3_30_00_13\source\ti\drivers\lib\</path>
         <kind>archive</kind>
         <file>drivers_msp432p401x.aem4f</file>
         <name>List.oem4f</name>
      </input_file>
      <input_file id="fl-15">
         <path>C:\ti\simplelink_msp432p4_sdk_3_30_00_13\source\ti\drivers\lib\</path>
         <kind>archive</kind>
         <file>drivers_msp432p401x.aem4f</file>
         <name>RingBuf.oem4f</name>
      </input_file>
      <input_file id="fl-16">
         <path>C:\ti\simplelink_msp432p4_sdk_3_30_00_13\kernel\nortos\lib\</path>
         <kind>archive</kind>
         <file>nortos_msp432p401x.aem4f</file>
         <name>NoRTOS.oem4f</name>
      </input_file>
      <input_file id="fl-17">
         <path>C:\ti\simplelink_msp432p4_sdk_3_30_00_13\kernel\nortos\lib\</path>
         <kind>archive</kind>
         <file>nortos_msp432p401x.aem4f</file>
         <name>SemaphoreP_nortos.oem4f</name>
      </input_file>
      <input_file id="fl-18">
         <path>C:\ti\simplelink_msp432p4_sdk_3_30_00_13\kernel\nortos\lib\</path>
         <kind>archive</kind>
         <file>nortos_msp432p401x.aem4f</file>
         <name>PowerMSP432_nortos.oem4f</name>
      </input_file>
      <input_file id="fl-19">
         <path>C:\ti\simplelink_msp432p4_sdk_3_30_00_13\kernel\nortos\lib\</path>
         <kind>archive</kind>
         <file>nortos_msp432p401x.aem4f</file>
         <name>ClockPTimer_nortos.oem4f</name>
      </input_file>
      <input_file id="fl-1a">
         <path>C:\ti\simplelink_msp432p4_sdk_3_30_00_13\kernel\nortos\lib\</path>
         <kind>archive</kind>
         <file>nortos_msp432p401x.aem4f</file>
         <name>TimerPMSP432_nortos.oem4f</name>
      </input_file>
      <input_file id="fl-1b">
         <path>C:\ti\simplelink_msp432p4_sdk_3_30_00_13\kernel\nortos\lib\</path>
         <kind>archive</kind>
         <file>nortos_msp432p401x.aem4f</file>
         <name>HwiPMSP432_nortos.oem4f</name>
      </input_file>
      <input_file id="fl-1c">
         <path>C:\ti\simplelink_msp432p4_sdk_3_30_00_13\kernel\nortos\lib\</path>
         <kind>archive</kind>
         <file>nortos_msp432p401x.aem4f</file>
         <name>startup_msp432_ccs.oem4f</name>
      </input_file>
      <input_file id="fl-1d">
         <path>C:\ti\simplelink_msp432p4_sdk_3_30_00_13\kernel\nortos\lib\</path>
         <kind>archive</kind>
         <file>nortos_msp432p401x.aem4f</file>
         <name>QueueP_nortos.oem4f</name>
      </input_file>
      <input_file id="fl-1e">
         <path>C:\ti\simplelink_msp432p4_sdk_3_30_00_13\kernel\nortos\lib\</path>
         <kind>archive</kind>
         <file>nortos_msp432p401x.aem4f</file>
         <name>SwiP_nortos.oem4f</name>
      </input_file>
      <input_file id="fl-1f">
         <path>C:\ti\simplelink_msp432p4_sdk_3_30_00_13\source\ti\devices\msp432p4xx\driverlib\ccs\</path>
         <kind>archive</kind>
         <file>msp432p4xx_driverlib.lib</file>
         <name>cs.o</name>
      </input_file>
      <input_file id="fl-20">
         <path>C:\ti\simplelink_msp432p4_sdk_3_30_00_13\source\ti\devices\msp432p4xx\driverlib\ccs\</path>
         <kind>archive</kind>
         <file>msp432p4xx_driverlib.lib</file>
         <name>interrupt.o</name>
      </input_file>
      <input_file id="fl-21">
         <path>C:\ti\simplelink_msp432p4_sdk_3_30_00_13\source\ti\devices\msp432p4xx\driverlib\ccs\</path>
         <kind>archive</kind>
         <file>msp432p4xx_driverlib.lib</file>
         <name>sysctl.o</name>
      </input_file>
      <input_file id="fl-22">
         <path>C:\ti\simplelink_msp432p4_sdk_3_30_00_13\source\ti\devices\msp432p4xx\driverlib\ccs\</path>
         <kind>archive</kind>
         <file>msp432p4xx_driverlib.lib</file>
         <name>sysctl_a.o</name>
      </input_file>
      <input_file id="fl-23">
         <path>C:\ti\simplelink_msp432p4_sdk_3_30_00_13\source\ti\devices\msp432p4xx\driverlib\ccs\</path>
         <kind>archive</kind>
         <file>msp432p4xx_driverlib.lib</file>
         <name>uart.o</name>
      </input_file>
      <input_file id="fl-24">
         <path>C:\ti\simplelink_msp432p4_sdk_3_30_00_13\source\ti\devices\msp432p4xx\driverlib\ccs\</path>
         <kind>archive</kind>
         <file>msp432p4xx_driverlib.lib</file>
         <name>cpu.o</name>
      </input_file>
      <input_file id="fl-da">
         <path>C:\ti\ccs910\ccs\tools\compiler\ti-cgt-arm_18.12.3.LTS\lib\</path>
         <kind>archive</kind>
         <file>rtsv7M4_T_le_v4SPD16_eabi.lib</file>
         <name>ull_div_t2.asm.obj</name>
      </input_file>
      <input_file id="fl-db">
         <path>C:\ti\ccs910\ccs\tools\compiler\ti-cgt-arm_18.12.3.LTS\lib\</path>
         <kind>archive</kind>
         <file>rtsv7M4_T_le_v4SPD16_eabi.lib</file>
         <name>memset_t2.asm.obj</name>
      </input_file>
      <input_file id="fl-dc">
         <path>C:\ti\ccs910\ccs\tools\compiler\ti-cgt-arm_18.12.3.LTS\lib\</path>
         <kind>archive</kind>
         <file>rtsv7M4_T_le_v4SPD16_eabi.lib</file>
         <name>memcpy_t2.asm.obj</name>
      </input_file>
      <input_file id="fl-dd">
         <path>C:\ti\ccs910\ccs\tools\compiler\ti-cgt-arm_18.12.3.LTS\lib\</path>
         <kind>archive</kind>
         <file>rtsv7M4_T_le_v4SPD16_eabi.lib</file>
         <name>copy_zero_init.c.obj</name>
      </input_file>
      <input_file id="fl-de">
         <path>C:\ti\ccs910\ccs\tools\compiler\ti-cgt-arm_18.12.3.LTS\lib\</path>
         <kind>archive</kind>
         <file>rtsv7M4_T_le_v4SPD16_eabi.lib</file>
         <name>copy_decompress_none.c.obj</name>
      </input_file>
      <input_file id="fl-df">
         <path>C:\ti\ccs910\ccs\tools\compiler\ti-cgt-arm_18.12.3.LTS\lib\</path>
         <kind>archive</kind>
         <file>rtsv7M4_T_le_v4SPD16_eabi.lib</file>
         <name>copy_decompress_lzss.c.obj</name>
      </input_file>
      <input_file id="fl-e0">
         <path>C:\ti\ccs910\ccs\tools\compiler\ti-cgt-arm_18.12.3.LTS\lib\</path>
         <kind>archive</kind>
         <file>rtsv7M4_T_le_v4SPD16_eabi.lib</file>
         <name>memory.c.obj</name>
      </input_file>
      <input_file id="fl-e1">
         <path>C:\ti\ccs910\ccs\tools\compiler\ti-cgt-arm_18.12.3.LTS\lib\</path>
         <kind>archive</kind>
         <file>rtsv7M4_T_le_v4SPD16_eabi.lib</file>
         <name>boot_cortex_m.c.obj</name>
      </input_file>
      <input_file id="fl-e2">
         <path>C:\ti\ccs910\ccs\tools\compiler\ti-cgt-arm_18.12.3.LTS\lib\</path>
         <kind>archive</kind>
         <file>rtsv7M4_T_le_v4SPD16_eabi.lib</file>
         <name>div0.asm.obj</name>
      </input_file>
      <input_file id="fl-e3">
         <path>C:\ti\ccs910\ccs\tools\compiler\ti-cgt-arm_18.12.3.LTS\lib\</path>
         <kind>archive</kind>
         <file>rtsv7M4_T_le_v4SPD16_eabi.lib</file>
         <name>autoinit.c.obj</name>
      </input_file>
      <input_file id="fl-e4">
         <path>C:\ti\ccs910\ccs\tools\compiler\ti-cgt-arm_18.12.3.LTS\lib\</path>
         <kind>archive</kind>
         <file>rtsv7M4_T_le_v4SPD16_eabi.lib</file>
         <name>pre_init.c.obj</name>
      </input_file>
      <input_file id="fl-e5">
         <path>C:\ti\ccs910\ccs\tools\compiler\ti-cgt-arm_18.12.3.LTS\lib\</path>
         <kind>archive</kind>
         <file>rtsv7M4_T_le_v4SPD16_eabi.lib</file>
         <name>cpy_tbl.c.obj</name>
      </input_file>
      <input_file id="fl-e6">
         <path>C:\ti\ccs910\ccs\tools\compiler\ti-cgt-arm_18.12.3.LTS\lib\</path>
         <kind>archive</kind>
         <file>rtsv7M4_T_le_v4SPD16_eabi.lib</file>
         <name>exit.c.obj</name>
      </input_file>
      <input_file id="fl-e7">
         <path>C:\ti\ccs910\ccs\tools\compiler\ti-cgt-arm_18.12.3.LTS\lib\</path>
         <kind>archive</kind>
         <file>rtsv7M4_T_le_v4SPD16_eabi.lib</file>
         <name>_lock.c.obj</name>
      </input_file>
      <input_file id="fl-e8">
         <path>C:\ti\ccs910\ccs\tools\compiler\ti-cgt-arm_18.12.3.LTS\lib\</path>
         <kind>archive</kind>
         <file>rtsv7M4_T_le_v4SPD16_eabi.lib</file>
         <name>args_main.c.obj</name>
      </input_file>
   </input_file_list>
   <object_component_list>
      <object_component id="oc-3f2">
         <name>.text:Power_sleep</name>
         <load_address>0x144</load_address>
         <run_address>0x144</run_address>
         <size>0x2f8</size>
         <input_file_ref idref="fl-11"/>
      </object_component>
      <object_component id="oc-458">
         <name>.text:UARTMSP432_open</name>
         <load_address>0x43c</load_address>
         <run_address>0x43c</run_address>
         <size>0x2d0</size>
         <input_file_ref idref="fl-13"/>
      </object_component>
      <object_component id="oc-213">
         <name>.text:initPerfControl</name>
         <load_address>0x70c</load_address>
         <run_address>0x70c</run_address>
         <size>0x288</size>
         <input_file_ref idref="fl-11"/>
      </object_component>
      <object_component id="oc-1b0">
         <name>.text:GPIO_setConfig</name>
         <load_address>0x994</load_address>
         <run_address>0x994</run_address>
         <size>0x170</size>
         <input_file_ref idref="fl-10"/>
      </object_component>
      <object_component id="oc-664">
         <name>.text:UART_initModule</name>
         <load_address>0xb04</load_address>
         <run_address>0xb04</run_address>
         <size>0x11c</size>
         <input_file_ref idref="fl-23"/>
      </object_component>
      <object_component id="oc-3b2">
         <name>.text:aligned_alloc</name>
         <load_address>0xc20</load_address>
         <run_address>0xc20</run_address>
         <size>0xf4</size>
         <input_file_ref idref="fl-e0"/>
      </object_component>
      <object_component id="oc-2e4">
         <name>.text:free</name>
         <load_address>0xd14</load_address>
         <run_address>0xd14</run_address>
         <size>0xe8</size>
         <input_file_ref idref="fl-e0"/>
      </object_component>
      <object_component id="oc-2bf">
         <name>.text:CS_startHFXTWithTimeout</name>
         <load_address>0xdfc</load_address>
         <run_address>0xdfc</run_address>
         <size>0xe4</size>
         <input_file_ref idref="fl-1f"/>
      </object_component>
      <object_component id="oc-2c5">
         <name>.text:CS_startLFXTWithTimeout</name>
         <load_address>0xee0</load_address>
         <run_address>0xee0</run_address>
         <size>0xe0</size>
         <input_file_ref idref="fl-1f"/>
      </object_component>
      <object_component id="oc-5fa">
         <name>.text:TimerP_construct</name>
         <load_address>0xfc0</load_address>
         <run_address>0xfc0</run_address>
         <size>0xe0</size>
         <input_file_ref idref="fl-1a"/>
      </object_component>
      <object_component id="oc-464">
         <name>.text:UARTMSP432_readPolling</name>
         <load_address>0x10a0</load_address>
         <run_address>0x10a0</run_address>
         <size>0xdc</size>
         <input_file_ref idref="fl-13"/>
      </object_component>
      <object_component id="oc-38c">
         <name>.text:_CSGetHFXTFrequency</name>
         <load_address>0x117c</load_address>
         <run_address>0x117c</run_address>
         <size>0xdc</size>
         <input_file_ref idref="fl-1f"/>
      </object_component>
      <object_component id="oc-5ee">
         <name>.text:SwiP_construct</name>
         <load_address>0x1258</load_address>
         <run_address>0x1258</run_address>
         <size>0xd8</size>
         <input_file_ref idref="fl-1e"/>
      </object_component>
      <object_component id="oc-11a">
         <name>.text:mainThread</name>
         <load_address>0x1330</load_address>
         <run_address>0x1330</run_address>
         <size>0xc8</size>
         <input_file_ref idref="fl-3"/>
      </object_component>
      <object_component id="oc-580">
         <name>.text:UARTMSP432_hwiIntFxn</name>
         <load_address>0x13f8</load_address>
         <run_address>0x13f8</run_address>
         <size>0xc0</size>
         <input_file_ref idref="fl-13"/>
      </object_component>
      <object_component id="oc-574">
         <name>.text:initHw</name>
         <load_address>0x14b8</load_address>
         <run_address>0x14b8</run_address>
         <size>0xb8</size>
         <input_file_ref idref="fl-13"/>
      </object_component>
      <object_component id="oc-69a">
         <name>.text:readTaskCallback</name>
         <load_address>0x1570</load_address>
         <run_address>0x1570</run_address>
         <size>0xb8</size>
         <input_file_ref idref="fl-13"/>
      </object_component>
      <object_component id="oc-4e0">
         <name>.text:ClockP_startup</name>
         <load_address>0x1628</load_address>
         <run_address>0x1628</run_address>
         <size>0xb4</size>
         <input_file_ref idref="fl-19"/>
      </object_component>
      <object_component id="oc-44c">
         <name>.text:UARTMSP432_control</name>
         <load_address>0x16dc</load_address>
         <run_address>0x16dc</run_address>
         <size>0xb4</size>
         <input_file_ref idref="fl-13"/>
      </object_component>
      <object_component id="oc-476">
         <name>.text:UARTMSP432_writePolling</name>
         <load_address>0x1790</load_address>
         <run_address>0x1790</run_address>
         <size>0xb4</size>
         <input_file_ref idref="fl-13"/>
      </object_component>
      <object_component id="oc-60f">
         <name>.text:ClockP_workFuncDynamic</name>
         <load_address>0x1844</load_address>
         <run_address>0x1844</run_address>
         <size>0xac</size>
         <input_file_ref idref="fl-19"/>
      </object_component>
      <object_component id="oc-1a4">
         <name>.text:GPIO_init</name>
         <load_address>0x18f0</load_address>
         <run_address>0x18f0</run_address>
         <size>0xac</size>
         <input_file_ref idref="fl-10"/>
      </object_component>
      <object_component id="oc-688">
         <name>.text:readTaskBlocking</name>
         <load_address>0x199c</load_address>
         <run_address>0x199c</run_address>
         <size>0xa8</size>
         <input_file_ref idref="fl-13"/>
      </object_component>
      <object_component id="oc-24c">
         <name>.text:SemaphoreP_pend</name>
         <load_address>0x1a44</load_address>
         <run_address>0x1a44</run_address>
         <size>0xa0</size>
         <input_file_ref idref="fl-17"/>
      </object_component>
      <object_component id="oc-470">
         <name>.text:UARTMSP432_write</name>
         <load_address>0x1ae4</load_address>
         <run_address>0x1ae4</run_address>
         <size>0xa0</size>
         <input_file_ref idref="fl-13"/>
      </object_component>
      <object_component id="oc-6a0">
         <name>.text:readIsrTextCallback</name>
         <load_address>0x1b84</load_address>
         <run_address>0x1b84</run_address>
         <size>0xa0</size>
         <input_file_ref idref="fl-13"/>
      </object_component>
      <object_component id="oc-190">
         <name>.text:Power_init</name>
         <load_address>0x1c24</load_address>
         <run_address>0x1c24</run_address>
         <size>0x9c</size>
         <input_file_ref idref="fl-11"/>
      </object_component>
      <object_component id="oc-746">
         <name>.text:SwiP_dispatch</name>
         <load_address>0x1cc0</load_address>
         <run_address>0x1cc0</run_address>
         <size>0x9c</size>
         <input_file_ref idref="fl-1e"/>
      </object_component>
      <object_component id="oc-37">
         <name>.text</name>
         <load_address>0x1d5c</load_address>
         <run_address>0x1d5c</run_address>
         <size>0x9c</size>
         <input_file_ref idref="fl-dc"/>
      </object_component>
      <object_component id="oc-507">
         <name>.text</name>
         <load_address>0x1df8</load_address>
         <run_address>0x1df8</run_address>
         <size>0x96</size>
         <input_file_ref idref="fl-da"/>
      </object_component>
      <object_component id="oc-446">
         <name>.text:UARTMSP432_close</name>
         <load_address>0x1e8e</load_address>
         <run_address>0x1e8e</run_address>
         <size>0x92</size>
         <input_file_ref idref="fl-13"/>
      </object_component>
      <object_component id="oc-678">
         <name>.text:writeData</name>
         <load_address>0x1f20</load_address>
         <run_address>0x1f20</run_address>
         <size>0x92</size>
         <input_file_ref idref="fl-13"/>
      </object_component>
      <object_component id="oc-68e">
         <name>.text:readIsrTextBlocking</name>
         <load_address>0x1fb2</load_address>
         <run_address>0x1fb2</run_address>
         <size>0x8c</size>
         <input_file_ref idref="fl-13"/>
      </object_component>
      <object_component id="oc-196">
         <name>.text:Board_initHook</name>
         <load_address>0x203e</load_address>
         <run_address>0x203e</run_address>
         <size>0x2</size>
         <input_file_ref idref="fl-4"/>
      </object_component>
      <object_component id="oc-4c9">
         <name>.text:restartHFXT</name>
         <load_address>0x2040</load_address>
         <run_address>0x2040</run_address>
         <size>0x84</size>
         <input_file_ref idref="fl-11"/>
      </object_component>
      <object_component id="oc-313">
         <name>.text:ClockP_start</name>
         <load_address>0x20c4</load_address>
         <run_address>0x20c4</run_address>
         <size>0x80</size>
         <input_file_ref idref="fl-19"/>
      </object_component>
      <object_component id="oc-633">
         <name>.text:Interrupt_disableInterrupt</name>
         <load_address>0x2144</load_address>
         <run_address>0x2144</run_address>
         <size>0x80</size>
         <input_file_ref idref="fl-20"/>
      </object_component>
      <object_component id="oc-3c5">
         <name>.text:Interrupt_enableInterrupt</name>
         <load_address>0x21c4</load_address>
         <run_address>0x21c4</run_address>
         <size>0x80</size>
         <input_file_ref idref="fl-20"/>
      </object_component>
      <object_component id="oc-495">
         <name>.text:split</name>
         <load_address>0x2244</load_address>
         <run_address>0x2244</run_address>
         <size>0x7c</size>
         <input_file_ref idref="fl-e0"/>
      </object_component>
      <object_component id="oc-8d">
         <name>.text</name>
         <load_address>0x22c0</load_address>
         <run_address>0x22c0</run_address>
         <size>0x7a</size>
         <input_file_ref idref="fl-db"/>
      </object_component>
      <object_component id="oc-706">
         <name>.text:IntDefaultHandler</name>
         <load_address>0x233a</load_address>
         <run_address>0x233a</run_address>
         <size>0x2</size>
         <input_file_ref idref="fl-20"/>
      </object_component>
      <object_component id="oc-6ef">
         <name>.text:ClockP_walkQueueDynamic</name>
         <load_address>0x233c</load_address>
         <run_address>0x233c</run_address>
         <size>0x78</size>
         <input_file_ref idref="fl-19"/>
      </object_component>
      <object_component id="oc-2de">
         <name>.text:HwiP_construct</name>
         <load_address>0x23b4</load_address>
         <run_address>0x23b4</run_address>
         <size>0x70</size>
         <input_file_ref idref="fl-1b"/>
      </object_component>
      <object_component id="oc-421">
         <name>.text:TimerP_getCurrentTick</name>
         <load_address>0x2424</load_address>
         <run_address>0x2424</run_address>
         <size>0x6c</size>
         <input_file_ref idref="fl-1a"/>
      </object_component>
      <object_component id="oc-276">
         <name>.text:GPIO_hwiIntFxn</name>
         <load_address>0x2490</load_address>
         <run_address>0x2490</run_address>
         <size>0x68</size>
         <input_file_ref idref="fl-10"/>
      </object_component>
      <object_component id="oc-5d8">
         <name>.text:Interrupt_pendInterrupt</name>
         <load_address>0x24f8</load_address>
         <run_address>0x24f8</run_address>
         <size>0x68</size>
         <input_file_ref idref="fl-20"/>
      </object_component>
      <object_component id="oc-550">
         <name>.text:PowerMSP432_getFreqs</name>
         <load_address>0x2560</load_address>
         <run_address>0x2560</run_address>
         <size>0x68</size>
         <input_file_ref idref="fl-11"/>
      </object_component>
      <object_component id="oc-6f6">
         <name>.text:SwiP_post</name>
         <load_address>0x25c8</load_address>
         <run_address>0x25c8</run_address>
         <size>0x68</size>
         <input_file_ref idref="fl-1e"/>
      </object_component>
      <object_component id="oc-47c">
         <name>.text:UARTMSP432_writeCancel</name>
         <load_address>0x2630</load_address>
         <run_address>0x2630</run_address>
         <size>0x68</size>
         <input_file_ref idref="fl-13"/>
      </object_component>
      <object_component id="oc-f">
         <name>.text:decompress:lzss:__TI_decompress_lzss</name>
         <load_address>0x2698</load_address>
         <run_address>0x2698</run_address>
         <size>0x68</size>
         <input_file_ref idref="fl-df"/>
      </object_component>
      <object_component id="oc-252">
         <name>.text:GPIO_setCallback</name>
         <load_address>0x2700</load_address>
         <run_address>0x2700</run_address>
         <size>0x60</size>
         <input_file_ref idref="fl-10"/>
      </object_component>
      <object_component id="oc-3b9">
         <name>.text:Interrupt_registerInterrupt</name>
         <load_address>0x2760</load_address>
         <run_address>0x2760</run_address>
         <size>0x5c</size>
         <input_file_ref idref="fl-20"/>
      </object_component>
      <object_component id="oc-1b6">
         <name>.text:GPIO_write</name>
         <load_address>0x27bc</load_address>
         <run_address>0x27bc</run_address>
         <size>0x58</size>
         <input_file_ref idref="fl-10"/>
      </object_component>
      <object_component id="oc-6e1">
         <name>.text:TimerP_dynamicStub</name>
         <load_address>0x2814</load_address>
         <run_address>0x2814</run_address>
         <size>0x58</size>
         <input_file_ref idref="fl-1a"/>
      </object_component>
      <object_component id="oc-682">
         <name>.text:readIsrBinaryBlocking</name>
         <load_address>0x286c</load_address>
         <run_address>0x286c</run_address>
         <size>0x58</size>
         <input_file_ref idref="fl-13"/>
      </object_component>
      <object_component id="oc-3bf">
         <name>.text:Interrupt_setPriority</name>
         <load_address>0x28c4</load_address>
         <run_address>0x28c4</run_address>
         <size>0x54</size>
         <input_file_ref idref="fl-20"/>
      </object_component>
      <object_component id="oc-403">
         <name>.text:SemaphoreP_construct</name>
         <load_address>0x2918</load_address>
         <run_address>0x2918</run_address>
         <size>0x50</size>
         <input_file_ref idref="fl-17"/>
      </object_component>
      <object_component id="oc-694">
         <name>.text:readIsrBinaryCallback</name>
         <load_address>0x2968</load_address>
         <run_address>0x2968</run_address>
         <size>0x4c</size>
         <input_file_ref idref="fl-13"/>
      </object_component>
      <object_component id="oc-65c">
         <name>.text:ClockP_construct</name>
         <load_address>0x29b4</load_address>
         <run_address>0x29b4</run_address>
         <size>0x48</size>
         <input_file_ref idref="fl-19"/>
      </object_component>
      <object_component id="oc-2f3">
         <name>.text:PowerMSP432_sleepPolicy</name>
         <load_address>0x29fc</load_address>
         <run_address>0x29fc</run_address>
         <size>0x48</size>
         <input_file_ref idref="fl-18"/>
      </object_component>
      <object_component id="oc-523">
         <name>.text:Power_releaseConstraint</name>
         <load_address>0x2a44</load_address>
         <run_address>0x2a44</run_address>
         <size>0x48</size>
         <input_file_ref idref="fl-11"/>
      </object_component>
      <object_component id="oc-71d">
         <name>.text:RingBuf_put</name>
         <load_address>0x2a8c</load_address>
         <run_address>0x2a8c</run_address>
         <size>0x46</size>
         <input_file_ref idref="fl-15"/>
      </object_component>
      <object_component id="oc-2ed">
         <name>.text:PowerMSP432_initPolicy</name>
         <load_address>0x2ad2</load_address>
         <run_address>0x2ad2</run_address>
         <size>0x2</size>
         <input_file_ref idref="fl-18"/>
      </object_component>
      <object_component id="oc-258">
         <name>.text:SemaphoreP_post</name>
         <load_address>0x2ad4</load_address>
         <run_address>0x2ad4</run_address>
         <size>0x44</size>
         <input_file_ref idref="fl-17"/>
      </object_component>
      <object_component id="oc-3f8">
         <name>.text:SwiP_restore</name>
         <load_address>0x2b18</load_address>
         <run_address>0x2b18</run_address>
         <size>0x44</size>
         <input_file_ref idref="fl-1e"/>
      </object_component>
      <object_component id="oc-6d5">
         <name>.text:TimerP_start</name>
         <load_address>0x2b5c</load_address>
         <run_address>0x2b5c</run_address>
         <size>0x44</size>
         <input_file_ref idref="fl-1a"/>
      </object_component>
      <object_component id="oc-1aa">
         <name>.text:UART_init</name>
         <load_address>0x2ba0</load_address>
         <run_address>0x2ba0</run_address>
         <size>0x44</size>
         <input_file_ref idref="fl-12"/>
      </object_component>
      <object_component id="oc-12d">
         <name>.text:__TI_auto_init_nobinit_nopinit:__TI_auto_init_nobinit_nopinit</name>
         <load_address>0x2be4</load_address>
         <run_address>0x2be4</run_address>
         <size>0x44</size>
         <input_file_ref idref="fl-e3"/>
      </object_component>
      <object_component id="oc-5a1">
         <name>.text:RingBuf_get</name>
         <load_address>0x2c28</load_address>
         <run_address>0x2c28</run_address>
         <size>0x40</size>
         <input_file_ref idref="fl-15"/>
      </object_component>
      <object_component id="oc-50e">
         <name>.text:TimerP_setNextTick</name>
         <load_address>0x2c68</load_address>
         <run_address>0x2c68</run_address>
         <size>0x40</size>
         <input_file_ref idref="fl-1a"/>
      </object_component>
      <object_component id="oc-45e">
         <name>.text:UARTMSP432_read</name>
         <load_address>0x2ca8</load_address>
         <run_address>0x2ca8</run_address>
         <size>0x40</size>
         <input_file_ref idref="fl-13"/>
      </object_component>
      <object_component id="oc-1c2">
         <name>.text:UART_open</name>
         <load_address>0x2ce8</load_address>
         <run_address>0x2ce8</run_address>
         <size>0x40</size>
         <input_file_ref idref="fl-12"/>
      </object_component>
      <object_component id="oc-57a">
         <name>.text:perfChangeNotifyFxn</name>
         <load_address>0x2d28</load_address>
         <run_address>0x2d28</run_address>
         <size>0x40</size>
         <input_file_ref idref="fl-13"/>
      </object_component>
      <object_component id="oc-6c9">
         <name>.text:TimerP_initDevice</name>
         <load_address>0x2d68</load_address>
         <run_address>0x2d68</run_address>
         <size>0x3c</size>
         <input_file_ref idref="fl-1a"/>
      </object_component>
      <object_component id="oc-536">
         <name>.text:Power_setConstraint</name>
         <load_address>0x2da4</load_address>
         <run_address>0x2da4</run_address>
         <size>0x38</size>
         <input_file_ref idref="fl-11"/>
      </object_component>
      <object_component id="oc-4bd">
         <name>.text:notify</name>
         <load_address>0x2ddc</load_address>
         <run_address>0x2ddc</run_address>
         <size>0x38</size>
         <input_file_ref idref="fl-11"/>
      </object_component>
      <object_component id="oc-46a">
         <name>.text:UARTMSP432_readCancel</name>
         <load_address>0x2e14</load_address>
         <run_address>0x2e14</run_address>
         <size>0x36</size>
         <input_file_ref idref="fl-13"/>
      </object_component>
      <object_component id="oc-2cb">
         <name>.text:PowerMSP432_updateFreqs</name>
         <load_address>0x2e4a</load_address>
         <run_address>0x2e4a</run_address>
         <size>0x2</size>
         <input_file_ref idref="fl-18"/>
      </object_component>
      <object_component id="oc-a5">
         <name>.text:_c_int00_noargs:_c_int00_noargs</name>
         <load_address>0x2e4c</load_address>
         <run_address>0x2e4c</run_address>
         <size>0x34</size>
         <input_file_ref idref="fl-e1"/>
      </object_component>
      <object_component id="oc-53e">
         <name>.text:mapPin</name>
         <load_address>0x2e80</load_address>
         <run_address>0x2e80</run_address>
         <size>0x30</size>
         <input_file_ref idref="fl-13"/>
      </object_component>
      <object_component id="oc-21f">
         <name>.text:HwiP_create</name>
         <load_address>0x2eb0</load_address>
         <run_address>0x2eb0</run_address>
         <size>0x2a</size>
         <input_file_ref idref="fl-1b"/>
      </object_component>
      <object_component id="oc-452">
         <name>.text:UARTMSP432_init</name>
         <load_address>0x2eda</load_address>
         <run_address>0x2eda</run_address>
         <size>0x2</size>
         <input_file_ref idref="fl-13"/>
      </object_component>
      <object_component id="oc-55c">
         <name>.text:Power_registerNotify</name>
         <load_address>0x2edc</load_address>
         <run_address>0x2edc</run_address>
         <size>0x28</size>
         <input_file_ref idref="fl-11"/>
      </object_component>
      <object_component id="oc-2b9">
         <name>.text:disableFaultCounter</name>
         <load_address>0x2f04</load_address>
         <run_address>0x2f04</run_address>
         <size>0x28</size>
         <input_file_ref idref="fl-11"/>
      </object_component>
      <object_component id="oc-4c3">
         <name>.text:disableHFXT</name>
         <load_address>0x2f2c</load_address>
         <run_address>0x2f2c</run_address>
         <size>0x28</size>
         <input_file_ref idref="fl-11"/>
      </object_component>
      <object_component id="oc-556">
         <name>.text:findBaudDividerIndex</name>
         <load_address>0x2f54</load_address>
         <run_address>0x2f54</run_address>
         <size>0x28</size>
         <input_file_ref idref="fl-13"/>
      </object_component>
      <object_component id="oc-3de">
         <name>.text:free_list_insert</name>
         <load_address>0x2f7c</load_address>
         <run_address>0x2f7c</run_address>
         <size>0x28</size>
         <input_file_ref idref="fl-e0"/>
      </object_component>
      <object_component id="oc-651">
         <name>.text:List_put</name>
         <load_address>0x2fa4</load_address>
         <run_address>0x2fa4</run_address>
         <size>0x26</size>
         <input_file_ref idref="fl-14"/>
      </object_component>
      <object_component id="oc-642">
         <name>.text:List_remove</name>
         <load_address>0x2fca</load_address>
         <run_address>0x2fca</run_address>
         <size>0x26</size>
         <input_file_ref idref="fl-14"/>
      </object_component>
      <object_component id="oc-42d">
         <name>.text:ClockP_getTicks</name>
         <load_address>0x2ff0</load_address>
         <run_address>0x2ff0</run_address>
         <size>0x24</size>
         <input_file_ref idref="fl-19"/>
      </object_component>
      <object_component id="oc-427">
         <name>.text:ClockP_scheduleNextTick</name>
         <load_address>0x3014</load_address>
         <run_address>0x3014</run_address>
         <size>0x24</size>
         <input_file_ref idref="fl-19"/>
      </object_component>
      <object_component id="oc-3cb">
         <name>.text:HwiP_dispatch</name>
         <load_address>0x3038</load_address>
         <run_address>0x3038</run_address>
         <size>0x24</size>
         <input_file_ref idref="fl-1b"/>
      </object_component>
      <object_component id="oc-2b3">
         <name>.text:CS_setExternalClockSourceFrequency</name>
         <load_address>0x305c</load_address>
         <run_address>0x305c</run_address>
         <size>0x20</size>
         <input_file_ref idref="fl-1f"/>
      </object_component>
      <object_component id="oc-30d">
         <name>.text:ClockP_add</name>
         <load_address>0x307c</load_address>
         <run_address>0x307c</run_address>
         <size>0x20</size>
         <input_file_ref idref="fl-19"/>
      </object_component>
      <object_component id="oc-529">
         <name>.text:Power_unregisterNotify</name>
         <load_address>0x309c</load_address>
         <run_address>0x309c</run_address>
         <size>0x20</size>
         <input_file_ref idref="fl-11"/>
      </object_component>
      <object_component id="oc-416">
         <name>.text:QueueP_put</name>
         <load_address>0x30bc</load_address>
         <run_address>0x30bc</run_address>
         <size>0x20</size>
         <input_file_ref idref="fl-1d"/>
      </object_component>
      <object_component id="oc-530">
         <name>.text:RingBuf_peek</name>
         <load_address>0x30dc</load_address>
         <run_address>0x30dc</run_address>
         <size>0x20</size>
         <input_file_ref idref="fl-15"/>
      </object_component>
      <object_component id="oc-639">
         <name>.text:Interrupt_unregisterInterrupt</name>
         <load_address>0x30fc</load_address>
         <run_address>0x30fc</run_address>
         <size>0x1c</size>
         <input_file_ref idref="fl-20"/>
      </object_component>
      <object_component id="oc-3e6">
         <name>.text:SwiP_disable</name>
         <load_address>0x3118</load_address>
         <run_address>0x3118</run_address>
         <size>0x1c</size>
         <input_file_ref idref="fl-1e"/>
      </object_component>
      <object_component id="oc-43">
         <name>.text:decompress:ZI:__TI_zero_init_nomemset:__TI_zero_init_nomemset</name>
         <load_address>0x3134</load_address>
         <run_address>0x3134</run_address>
         <size>0x1c</size>
         <input_file_ref idref="fl-dd"/>
      </object_component>
      <object_component id="oc-3d8">
         <name>.text:free_list_remove</name>
         <load_address>0x3150</load_address>
         <run_address>0x3150</run_address>
         <size>0x1c</size>
         <input_file_ref idref="fl-e0"/>
      </object_component>
      <object_component id="oc-568">
         <name>.text:ClockP_create</name>
         <load_address>0x316c</load_address>
         <run_address>0x316c</run_address>
         <size>0x1a</size>
         <input_file_ref idref="fl-19"/>
      </object_component>
      <object_component id="oc-777">
         <name>.text:QueueP_get</name>
         <load_address>0x3186</load_address>
         <run_address>0x3186</run_address>
         <size>0x1a</size>
         <input_file_ref idref="fl-1d"/>
      </object_component>
      <object_component id="oc-234">
         <name>.text:SemaphoreP_createBinary</name>
         <load_address>0x31a0</load_address>
         <run_address>0x31a0</run_address>
         <size>0x1a</size>
         <input_file_ref idref="fl-17"/>
      </object_component>
      <object_component id="oc-325">
         <name>.text:ClockP_destruct</name>
         <load_address>0x31ba</load_address>
         <run_address>0x31ba</run_address>
         <size>0x18</size>
         <input_file_ref idref="fl-19"/>
      </object_component>
      <object_component id="oc-517">
         <name>.text:HwiP_delete</name>
         <load_address>0x31d2</load_address>
         <run_address>0x31d2</run_address>
         <size>0x18</size>
         <input_file_ref idref="fl-1b"/>
      </object_component>
      <object_component id="oc-294">
         <name>.text:_nop</name>
         <load_address>0x31ea</load_address>
         <run_address>0x31ea</run_address>
         <size>0x2</size>
         <input_file_ref idref="fl-e7"/>
      </object_component>
      <object_component id="oc-336">
         <name>.text:HwiP_inISR</name>
         <load_address>0x31ec</load_address>
         <run_address>0x31ec</run_address>
         <size>0x18</size>
         <input_file_ref idref="fl-1b"/>
      </object_component>
      <object_component id="oc-386">
         <name>.text:SysCtl_A_disableNMISource</name>
         <load_address>0x3204</load_address>
         <run_address>0x3204</run_address>
         <size>0x18</size>
         <input_file_ref idref="fl-22"/>
      </object_component>
      <object_component id="oc-392">
         <name>.text:SysCtl_A_enableNMISource</name>
         <load_address>0x321c</load_address>
         <run_address>0x321c</run_address>
         <size>0x18</size>
         <input_file_ref idref="fl-22"/>
      </object_component>
      <object_component id="oc-1bc">
         <name>.text:UART_Params_init</name>
         <load_address>0x3234</load_address>
         <run_address>0x3234</run_address>
         <size>0x18</size>
         <input_file_ref idref="fl-12"/>
      </object_component>
      <object_component id="oc-1c">
         <name>.text:resetISR</name>
         <load_address>0x324c</load_address>
         <run_address>0x324c</run_address>
         <size>0x18</size>
         <input_file_ref idref="fl-1c"/>
      </object_component>
      <object_component id="oc-302">
         <name>.text:SemaphoreP_create</name>
         <load_address>0x3264</load_address>
         <run_address>0x3264</run_address>
         <size>0x16</size>
         <input_file_ref idref="fl-17"/>
      </object_component>
      <object_component id="oc-771">
         <name>.text:maxbit</name>
         <load_address>0x327a</load_address>
         <run_address>0x327a</run_address>
         <size>0x16</size>
         <input_file_ref idref="fl-1e"/>
      </object_component>
      <object_component id="oc-4d8">
         <name>.text:Power_idleFunc</name>
         <load_address>0x3290</load_address>
         <run_address>0x3290</run_address>
         <size>0x14</size>
         <input_file_ref idref="fl-11"/>
      </object_component>
      <object_component id="oc-6be">
         <name>.text:SwiP_handleHwi</name>
         <load_address>0x32a4</load_address>
         <run_address>0x32a4</run_address>
         <size>0x14</size>
         <input_file_ref idref="fl-1e"/>
      </object_component>
      <object_component id="oc-501">
         <name>.text:TimerP_getCount</name>
         <load_address>0x32b8</load_address>
         <run_address>0x32b8</run_address>
         <size>0x14</size>
         <input_file_ref idref="fl-1a"/>
      </object_component>
      <object_component id="oc-5aa">
         <name>.text:clearTXCPTIFG</name>
         <load_address>0x32cc</load_address>
         <run_address>0x32cc</run_address>
         <size>0x14</size>
         <input_file_ref idref="fl-13"/>
      </object_component>
      <object_component id="oc-219">
         <name>.text:HwiP_Params_init</name>
         <load_address>0x32e0</load_address>
         <run_address>0x32e0</run_address>
         <size>0x12</size>
         <input_file_ref idref="fl-1b"/>
      </object_component>
      <object_component id="oc-56e">
         <name>.text:RingBuf_construct</name>
         <load_address>0x32f2</load_address>
         <run_address>0x32f2</run_address>
         <size>0x12</size>
         <input_file_ref idref="fl-15"/>
      </object_component>
      <object_component id="oc-f3">
         <name>.text:main</name>
         <load_address>0x3304</load_address>
         <run_address>0x3304</run_address>
         <size>0x12</size>
         <input_file_ref idref="fl-2"/>
      </object_component>
      <object_component id="oc-69">
         <name>.text:busFaultISR</name>
         <load_address>0x3316</load_address>
         <run_address>0x3316</run_address>
         <size>0x2</size>
         <input_file_ref idref="fl-1c"/>
      </object_component>
      <object_component id="oc-562">
         <name>.text:ClockP_Params_init</name>
         <load_address>0x3318</load_address>
         <run_address>0x3318</run_address>
         <size>0x10</size>
         <input_file_ref idref="fl-19"/>
      </object_component>
      <object_component id="oc-51d">
         <name>.text:ClockP_delete</name>
         <load_address>0x3328</load_address>
         <run_address>0x3328</run_address>
         <size>0x10</size>
         <input_file_ref idref="fl-19"/>
      </object_component>
      <object_component id="oc-23a">
         <name>.text:HwiP_disable</name>
         <load_address>0x3338</load_address>
         <run_address>0x3338</run_address>
         <size>0x10</size>
         <input_file_ref idref="fl-1b"/>
      </object_component>
      <object_component id="oc-4f">
         <name>.text:Interrupt_disableMaster</name>
         <load_address>0x3348</load_address>
         <run_address>0x3348</run_address>
         <size>0x10</size>
         <input_file_ref idref="fl-20"/>
      </object_component>
      <object_component id="oc-19d">
         <name>.text:Interrupt_enableMaster</name>
         <load_address>0x3358</load_address>
         <run_address>0x3358</run_address>
         <size>0x10</size>
         <input_file_ref idref="fl-20"/>
      </object_component>
      <object_component id="oc-544">
         <name>.text:PowerMSP432_getNumPerfLevels</name>
         <load_address>0x3368</load_address>
         <run_address>0x3368</run_address>
         <size>0x10</size>
         <input_file_ref idref="fl-11"/>
      </object_component>
      <object_component id="oc-33c">
         <name>.text:Power_disablePolicy</name>
         <load_address>0x3378</load_address>
         <run_address>0x3378</run_address>
         <size>0x10</size>
         <input_file_ref idref="fl-11"/>
      </object_component>
      <object_component id="oc-319">
         <name>.text:Power_enablePolicy</name>
         <load_address>0x3388</load_address>
         <run_address>0x3388</run_address>
         <size>0x10</size>
         <input_file_ref idref="fl-11"/>
      </object_component>
      <object_component id="oc-2fc">
         <name>.text:SemaphoreP_Params_init</name>
         <load_address>0x3398</load_address>
         <run_address>0x3398</run_address>
         <size>0x10</size>
         <input_file_ref idref="fl-17"/>
      </object_component>
      <object_component id="oc-5e8">
         <name>.text:SwiP_Params_init</name>
         <load_address>0x33a8</load_address>
         <run_address>0x33a8</run_address>
         <size>0x10</size>
         <input_file_ref idref="fl-1e"/>
      </object_component>
      <object_component id="oc-380">
         <name>.text:SysCtl_A_getNMISourceStatus</name>
         <load_address>0x33b8</load_address>
         <run_address>0x33b8</run_address>
         <size>0x10</size>
         <input_file_ref idref="fl-22"/>
      </object_component>
      <object_component id="oc-5d1">
         <name>.text:SysCtl_getNMISourceStatus</name>
         <load_address>0x33c8</load_address>
         <run_address>0x33c8</run_address>
         <size>0x10</size>
         <input_file_ref idref="fl-21"/>
      </object_component>
      <object_component id="oc-5f4">
         <name>.text:TimerP_Params_init</name>
         <load_address>0x33d8</load_address>
         <run_address>0x33d8</run_address>
         <size>0x10</size>
         <input_file_ref idref="fl-1a"/>
      </object_component>
      <object_component id="oc-592">
         <name>.text:readBlockingTimeout</name>
         <load_address>0x33e8</load_address>
         <run_address>0x33e8</run_address>
         <size>0x10</size>
         <input_file_ref idref="fl-13"/>
      </object_component>
      <object_component id="oc-77d">
         <name>.text:QueueP_empty</name>
         <load_address>0x33f8</load_address>
         <run_address>0x33f8</run_address>
         <size>0xe</size>
         <input_file_ref idref="fl-1d"/>
      </object_component>
      <object_component id="oc-436">
         <name>.text:QueueP_remove</name>
         <load_address>0x3406</load_address>
         <run_address>0x3406</run_address>
         <size>0xe</size>
         <input_file_ref idref="fl-1d"/>
      </object_component>
      <object_component id="oc-15">
         <name>.text:decompress:none:__TI_decompress_none</name>
         <load_address>0x3414</load_address>
         <run_address>0x3414</run_address>
         <size>0xe</size>
         <input_file_ref idref="fl-de"/>
      </object_component>
      <object_component id="oc-10e">
         <name>.text:Board_init</name>
         <load_address>0x3422</load_address>
         <run_address>0x3422</run_address>
         <size>0xc</size>
         <input_file_ref idref="fl-4"/>
      </object_component>
      <object_component id="oc-93">
         <name>.text:CPU_cpsid</name>
         <load_address>0x342e</load_address>
         <run_address>0x342e</run_address>
         <size>0xc</size>
         <input_file_ref idref="fl-24"/>
      </object_component>
      <object_component id="oc-22d">
         <name>.text:CPU_cpsie</name>
         <load_address>0x343a</load_address>
         <run_address>0x343a</run_address>
         <size>0xc</size>
         <input_file_ref idref="fl-24"/>
      </object_component>
      <object_component id="oc-32b">
         <name>.text:clkFxn</name>
         <load_address>0x3446</load_address>
         <run_address>0x3446</run_address>
         <size>0x2</size>
         <input_file_ref idref="fl-17"/>
      </object_component>
      <object_component id="oc-615">
         <name>.text:ClockP_doTick</name>
         <load_address>0x3448</load_address>
         <run_address>0x3448</run_address>
         <size>0xc</size>
         <input_file_ref idref="fl-19"/>
      </object_component>
      <object_component id="oc-3ec">
         <name>.text:Power_getConstraintMask</name>
         <load_address>0x3454</load_address>
         <run_address>0x3454</run_address>
         <size>0xc</size>
         <input_file_ref idref="fl-11"/>
      </object_component>
      <object_component id="oc-54a">
         <name>.text:Power_getPerformanceLevel</name>
         <load_address>0x3460</load_address>
         <run_address>0x3460</run_address>
         <size>0xc</size>
         <input_file_ref idref="fl-11"/>
      </object_component>
      <object_component id="oc-606">
         <name>.text:TimerP_getFreq</name>
         <load_address>0x346c</load_address>
         <run_address>0x346c</run_address>
         <size>0xc</size>
         <input_file_ref idref="fl-1a"/>
      </object_component>
      <object_component id="oc-600">
         <name>.text:TimerP_getMaxTicks</name>
         <load_address>0x3478</load_address>
         <run_address>0x3478</run_address>
         <size>0xc</size>
         <input_file_ref idref="fl-1a"/>
      </object_component>
      <object_component id="oc-1ce">
         <name>.text:UART_read</name>
         <load_address>0x3484</load_address>
         <run_address>0x3484</run_address>
         <size>0xa</size>
         <input_file_ref idref="fl-12"/>
      </object_component>
      <object_component id="oc-1c8">
         <name>.text:UART_write</name>
         <load_address>0x348e</load_address>
         <run_address>0x348e</run_address>
         <size>0xa</size>
         <input_file_ref idref="fl-12"/>
      </object_component>
      <object_component id="oc-240">
         <name>.text:HwiP_restore</name>
         <load_address>0x3498</load_address>
         <run_address>0x3498</run_address>
         <size>0x8</size>
         <input_file_ref idref="fl-1b"/>
      </object_component>
      <object_component id="oc-2d8">
         <name>.text:malloc</name>
         <load_address>0x34a0</load_address>
         <run_address>0x34a0</run_address>
         <size>0x8</size>
         <input_file_ref idref="fl-e0"/>
      </object_component>
      <object_component id="oc-58c">
         <name>.text:readSemCallback</name>
         <load_address>0x34a8</load_address>
         <run_address>0x34a8</run_address>
         <size>0x8</size>
         <input_file_ref idref="fl-13"/>
      </object_component>
      <object_component id="oc-672">
         <name>.text:txcptEnabledStatus</name>
         <load_address>0x34b0</load_address>
         <run_address>0x34b0</run_address>
         <size>0x8</size>
         <input_file_ref idref="fl-13"/>
      </object_component>
      <object_component id="oc-586">
         <name>.text:writeSemCallback</name>
         <load_address>0x34b8</load_address>
         <run_address>0x34b8</run_address>
         <size>0x8</size>
         <input_file_ref idref="fl-13"/>
      </object_component>
      <object_component id="oc-72a">
         <name>.text:ClockP_stop</name>
         <load_address>0x34c0</load_address>
         <run_address>0x34c0</run_address>
         <size>0x6</size>
         <input_file_ref idref="fl-19"/>
      </object_component>
      <object_component id="oc-5e2">
         <name>.text:QueueP_init</name>
         <load_address>0x34c6</load_address>
         <run_address>0x34c6</run_address>
         <size>0x6</size>
         <input_file_ref idref="fl-1d"/>
      </object_component>
      <object_component id="oc-31f">
         <name>.text:ClockP_isActive</name>
         <load_address>0x34cc</load_address>
         <run_address>0x34cc</run_address>
         <size>0x4</size>
         <input_file_ref idref="fl-19"/>
      </object_component>
      <object_component id="oc-724">
         <name>.text:ClockP_setTimeout</name>
         <load_address>0x34d0</load_address>
         <run_address>0x34d0</run_address>
         <size>0x4</size>
         <input_file_ref idref="fl-19"/>
      </object_component>
      <object_component id="oc-114">
         <name>.text:HwiP_enable</name>
         <load_address>0x34d4</load_address>
         <run_address>0x34d4</run_address>
         <size>0x4</size>
         <input_file_ref idref="fl-1b"/>
      </object_component>
      <object_component id="oc-4d0">
         <name>.text:HwiP_post</name>
         <load_address>0x34d8</load_address>
         <run_address>0x34d8</run_address>
         <size>0x4</size>
         <input_file_ref idref="fl-1b"/>
      </object_component>
      <object_component id="oc-759">
         <name>.text:QueueP_head</name>
         <load_address>0x34dc</load_address>
         <run_address>0x34dc</run_address>
         <size>0x4</size>
         <input_file_ref idref="fl-1d"/>
      </object_component>
      <object_component id="oc-75f">
         <name>.text:QueueP_next</name>
         <load_address>0x34e0</load_address>
         <run_address>0x34e0</run_address>
         <size>0x4</size>
         <input_file_ref idref="fl-1d"/>
      </object_component>
      <object_component id="oc-246">
         <name>.text:SemaphoreP_delete</name>
         <load_address>0x34e4</load_address>
         <run_address>0x34e4</run_address>
         <size>0x4</size>
         <input_file_ref idref="fl-17"/>
      </object_component>
      <object_component id="oc-6cf">
         <name>.text:TimerP_setPeriod</name>
         <load_address>0x34e8</load_address>
         <run_address>0x34e8</run_address>
         <size>0x4</size>
         <input_file_ref idref="fl-1a"/>
      </object_component>
      <object_component id="oc-ed">
         <name>.text:_system_pre_init</name>
         <load_address>0x34ec</load_address>
         <run_address>0x34ec</run_address>
         <size>0x4</size>
         <input_file_ref idref="fl-e4"/>
      </object_component>
      <object_component id="oc-121">
         <name>.text:abort:abort</name>
         <load_address>0x34f0</load_address>
         <run_address>0x34f0</run_address>
         <size>0x4</size>
         <input_file_ref idref="fl-e6"/>
      </object_component>
      <object_component id="oc-63">
         <name>.text:defaultISR</name>
         <load_address>0x34f4</load_address>
         <run_address>0x34f4</run_address>
         <size>0x2</size>
         <input_file_ref idref="fl-1c"/>
      </object_component>
      <object_component id="oc-5d">
         <name>.text:faultISR</name>
         <load_address>0x34f6</load_address>
         <run_address>0x34f6</run_address>
         <size>0x2</size>
         <input_file_ref idref="fl-1c"/>
      </object_component>
      <object_component id="oc-57">
         <name>.text:nmiISR</name>
         <load_address>0x34f8</load_address>
         <run_address>0x34f8</run_address>
         <size>0x2</size>
         <input_file_ref idref="fl-1c"/>
      </object_component>
      <object_component id="oc-625">
         <name>.text</name>
         <load_address>0x34fa</load_address>
         <run_address>0x34fa</run_address>
         <size>0x2</size>
         <input_file_ref idref="fl-e2"/>
      </object_component>
      <object_component id="oc-4a4">
         <name>.const:g_pulRegs</name>
         <load_address>0x34fc</load_address>
         <run_address>0x34fc</run_address>
         <size>0x50</size>
         <input_file_ref idref="fl-20"/>
      </object_component>
      <object_component id="oc-485">
         <name>.const:uartMSP432Baudrates</name>
         <load_address>0x354c</load_address>
         <run_address>0x354c</run_address>
         <size>0x40</size>
         <input_file_ref idref="fl-4"/>
      </object_component>
      <object_component id="oc-228">
         <name>.const:PowerMSP432_config</name>
         <load_address>0x358c</load_address>
         <run_address>0x358c</run_address>
         <size>0x38</size>
         <input_file_ref idref="fl-4"/>
      </object_component>
      <object_component id="oc-357">
         <name>.const:uartMSP432HWAttrs</name>
         <load_address>0x35c4</load_address>
         <run_address>0x35c4</run_address>
         <size>0x2c</size>
         <input_file_ref idref="fl-4"/>
      </object_component>
      <object_component id="oc-353">
         <name>.const:UARTMSP432_fxnTable</name>
         <load_address>0x35f0</load_address>
         <run_address>0x35f0</run_address>
         <size>0x28</size>
         <input_file_ref idref="fl-13"/>
      </object_component>
      <object_component id="oc-282">
         <name>.const:UART_defaultParams</name>
         <load_address>0x3618</load_address>
         <run_address>0x3618</run_address>
         <size>0x24</size>
         <input_file_ref idref="fl-12"/>
      </object_component>
      <object_component id="oc-598">
         <name>.const:staticFxnTable</name>
         <load_address>0x363c</load_address>
         <run_address>0x363c</run_address>
         <size>0x20</size>
         <input_file_ref idref="fl-13"/>
      </object_component>
      <object_component id="oc-1d4">
         <name>.const:.string:$P$T0$1</name>
         <load_address>0x365c</load_address>
         <run_address>0x365c</run_address>
         <size>0x18</size>
         <input_file_ref idref="fl-3"/>
      </object_component>
      <object_component id="oc-1da">
         <name>.const:.string:$P$T2$3</name>
         <load_address>0x3674</load_address>
         <run_address>0x3674</run_address>
         <size>0x16</size>
         <input_file_ref idref="fl-3"/>
      </object_component>
      <object_component id="oc-26c">
         <name>.const</name>
         <load_address>0x368a</load_address>
         <run_address>0x368a</run_address>
         <size>0x1</size>
         <input_file_ref idref="fl-4"/>
      </object_component>
      <object_component id="oc-262">
         <name>.const:GPIOMSP432_config</name>
         <load_address>0x368c</load_address>
         <run_address>0x368c</run_address>
         <size>0x14</size>
         <input_file_ref idref="fl-4"/>
      </object_component>
      <object_component id="oc-6b1">
         <name>.const:SwiP_defaultParams</name>
         <load_address>0x36a0</load_address>
         <run_address>0x36a0</run_address>
         <size>0x10</size>
         <input_file_ref idref="fl-1e"/>
      </object_component>
      <object_component id="oc-1d7">
         <name>.const:.string:$P$T1$2</name>
         <load_address>0x36b0</load_address>
         <run_address>0x36b0</run_address>
         <size>0xc</size>
         <input_file_ref idref="fl-3"/>
      </object_component>
      <object_component id="oc-26f">
         <name>.const:UART_config</name>
         <load_address>0x36bc</load_address>
         <run_address>0x36bc</run_address>
         <size>0xc</size>
         <input_file_ref idref="fl-4"/>
      </object_component>
      <object_component id="oc-702">
         <name>.const:g_pulDisRegs</name>
         <load_address>0x36c8</load_address>
         <run_address>0x36c8</run_address>
         <size>0x8</size>
         <input_file_ref idref="fl-20"/>
      </object_component>
      <object_component id="oc-4a8">
         <name>.const:g_pulEnRegs</name>
         <load_address>0x36d0</load_address>
         <run_address>0x36d0</run_address>
         <size>0x8</size>
         <input_file_ref idref="fl-20"/>
      </object_component>
      <object_component id="oc-6ac">
         <name>.const:g_pulPendRegs</name>
         <load_address>0x36d8</load_address>
         <run_address>0x36d8</run_address>
         <size>0x8</size>
         <input_file_ref idref="fl-20"/>
      </object_component>
      <object_component id="oc-27c">
         <name>.const:.string:interruptType</name>
         <load_address>0x36e0</load_address>
         <run_address>0x36e0</run_address>
         <size>0x6</size>
         <input_file_ref idref="fl-10"/>
      </object_component>
      <object_component id="oc-273">
         <name>.const:.string:portInterruptIds</name>
         <load_address>0x36e6</load_address>
         <run_address>0x36e6</run_address>
         <size>0x6</size>
         <input_file_ref idref="fl-10"/>
      </object_component>
      <object_component id="oc-66a">
         <name>.const:.string:parityTypes</name>
         <load_address>0x36ec</load_address>
         <run_address>0x36ec</run_address>
         <size>0x5</size>
         <input_file_ref idref="fl-13"/>
      </object_component>
      <object_component id="oc-66d">
         <name>.const:stopBits</name>
         <load_address>0x36f2</load_address>
         <run_address>0x36f2</run_address>
         <size>0x4</size>
         <input_file_ref idref="fl-13"/>
      </object_component>
      <object_component id="oc-7b6">
         <name>.cinit..data.load</name>
         <load_address>0x36f8</load_address>
         <run_address>0x36f8</run_address>
         <size>0x89</size>
      </object_component>
      <object_component id="oc-7b4">
         <name>__TI_handler_table</name>
         <load_address>0x3784</load_address>
         <run_address>0x3784</run_address>
         <size>0xc</size>
      </object_component>
      <object_component id="oc-7b7">
         <name>.cinit..bss.load</name>
         <load_address>0x3790</load_address>
         <run_address>0x3790</run_address>
         <size>0x8</size>
      </object_component>
      <object_component id="oc-7b8">
         <name>.cinit..vtable.load</name>
         <load_address>0x3798</load_address>
         <run_address>0x3798</run_address>
         <size>0x8</size>
      </object_component>
      <object_component id="oc-7b5">
         <name>__TI_cinit_table</name>
         <load_address>0x37a0</load_address>
         <run_address>0x37a0</run_address>
         <size>0x18</size>
      </object_component>
      <object_component id="oc-345">
         <name>.data:gpioPinConfigs</name>
         <load_address>0x200082f0</load_address>
         <run_address>0x200082f0</run_address>
         <size>0x4</size>
         <input_file_ref idref="fl-4"/>
      </object_component>
      <object_component id="oc-348">
         <name>.data:gpioCallbackFunctions</name>
         <load_address>0x200082ec</load_address>
         <run_address>0x200082ec</run_address>
         <size>0x4</size>
         <input_file_ref idref="fl-4"/>
      </object_component>
      <object_component id="oc-25f">
         <name>.data</name>
         <load_address>0x200082f7</load_address>
         <run_address>0x200082f7</run_address>
         <size>0x2</size>
         <input_file_ref idref="fl-10"/>
      </object_component>
      <object_component id="oc-225">
         <name>.data:PowerMSP432_module</name>
         <load_address>0x20008280</load_address>
         <run_address>0x20008280</run_address>
         <size>0x2c</size>
         <input_file_ref idref="fl-11"/>
      </object_component>
      <object_component id="oc-2d1">
         <name>.data:PowerMSP432_perfLevels</name>
         <load_address>0x20008140</load_address>
         <run_address>0x20008140</run_address>
         <size>0x140</size>
         <input_file_ref idref="fl-11"/>
      </object_component>
      <object_component id="oc-269">
         <name>.data</name>
         <load_address>0x200082f9</load_address>
         <run_address>0x200082f9</run_address>
         <size>0x1</size>
         <input_file_ref idref="fl-12"/>
      </object_component>
      <object_component id="oc-331">
         <name>.data</name>
         <load_address>0x200082f4</load_address>
         <run_address>0x200082f4</run_address>
         <size>0x3</size>
         <input_file_ref idref="fl-17"/>
      </object_component>
      <object_component id="oc-3ff">
         <name>.data:SemaphoreP_defaultParams</name>
         <load_address>0x200082d4</load_address>
         <run_address>0x200082d4</run_address>
         <size>0x8</size>
         <input_file_ref idref="fl-17"/>
      </object_component>
      <object_component id="oc-60c">
         <name>.data</name>
         <load_address>0x200082dc</load_address>
         <run_address>0x200082dc</run_address>
         <size>0x8</size>
         <input_file_ref idref="fl-19"/>
      </object_component>
      <object_component id="oc-658">
         <name>.data:ClockP_defaultParams</name>
         <load_address>0x200082ac</load_address>
         <run_address>0x200082ac</run_address>
         <size>0xc</size>
         <input_file_ref idref="fl-19"/>
      </object_component>
      <object_component id="oc-6db">
         <name>.data</name>
         <load_address>0x200082fb</load_address>
         <run_address>0x200082fb</run_address>
         <size>0x1</size>
         <input_file_ref idref="fl-1a"/>
      </object_component>
      <object_component id="oc-6c5">
         <name>.data:TimerP_defaultParams</name>
         <load_address>0x200082b8</load_address>
         <run_address>0x200082b8</run_address>
         <size>0xc</size>
         <input_file_ref idref="fl-1a"/>
      </object_component>
      <object_component id="oc-3d4">
         <name>.data:HwiP_dispatchTable</name>
         <load_address>0x20008000</load_address>
         <run_address>0x20008000</run_address>
         <size>0x140</size>
         <input_file_ref idref="fl-1b"/>
      </object_component>
      <object_component id="oc-3d1">
         <name>.data</name>
         <load_address>0x200082e4</load_address>
         <run_address>0x200082e4</run_address>
         <size>0x8</size>
         <input_file_ref idref="fl-1b"/>
      </object_component>
      <object_component id="oc-6b5">
         <name>.data</name>
         <load_address>0x200082fa</load_address>
         <run_address>0x200082fa</run_address>
         <size>0x1</size>
         <input_file_ref idref="fl-1e"/>
      </object_component>
      <object_component id="oc-49b">
         <name>.data:$O1$$</name>
         <load_address>0x200082cc</load_address>
         <run_address>0x200082cc</run_address>
         <size>0x8</size>
         <input_file_ref idref="fl-e0"/>
      </object_component>
      <object_component id="oc-1e3">
         <name>.data:$O1$$</name>
         <load_address>0x200082c4</load_address>
         <run_address>0x200082c4</run_address>
         <size>0x8</size>
         <input_file_ref idref="fl-e7"/>
      </object_component>
      <object_component id="oc-488">
         <name>.bss:uartMSP432RingBuffer0</name>
         <uninitialized>true</uninitialized>
         <run_address>0x20008470</run_address>
         <size>0x20</size>
         <input_file_ref idref="fl-4"/>
      </object_component>
      <object_component id="oc-265">
         <name>.bss:gpioCallbackInfo</name>
         <uninitialized>true</uninitialized>
         <run_address>0x20008420</run_address>
         <size>0x30</size>
         <input_file_ref idref="fl-10"/>
      </object_component>
      <object_component id="oc-25e">
         <name>.bss</name>
         <uninitialized>true</uninitialized>
         <run_address>0x200084e8</run_address>
         <size>0x4</size>
         <input_file_ref idref="fl-10"/>
      </object_component>
      <object_component id="oc-41c">
         <name>.bss:ClockP_module</name>
         <uninitialized>true</uninitialized>
         <run_address>0x20008300</run_address>
         <size>0xa0</size>
         <input_file_ref idref="fl-19"/>
      </object_component>
      <object_component id="oc-61b">
         <name>.bss:timerFreq</name>
         <uninitialized>true</uninitialized>
         <run_address>0x200084e0</run_address>
         <size>0x8</size>
         <input_file_ref idref="fl-19"/>
      </object_component>
      <object_component id="oc-61e">
         <name>.bss</name>
         <uninitialized>true</uninitialized>
         <run_address>0x200084ec</run_address>
         <size>0x4</size>
         <input_file_ref idref="fl-19"/>
      </object_component>
      <object_component id="oc-6e7">
         <name>.bss</name>
         <uninitialized>true</uninitialized>
         <run_address>0x200084f0</run_address>
         <size>0x4</size>
         <input_file_ref idref="fl-1a"/>
      </object_component>
      <object_component id="oc-6de">
         <name>.bss:TimerP_hwiStruct</name>
         <uninitialized>true</uninitialized>
         <run_address>0x200084ac</run_address>
         <size>0x1c</size>
         <input_file_ref idref="fl-1a"/>
      </object_component>
      <object_component id="oc-4b3">
         <name>.bss</name>
         <uninitialized>true</uninitialized>
         <run_address>0x200084c8</run_address>
         <size>0xd</size>
         <input_file_ref idref="fl-1e"/>
      </object_component>
      <object_component id="oc-6bb">
         <name>.bss:SwiP_hwiStruct</name>
         <uninitialized>true</uninitialized>
         <run_address>0x20008490</run_address>
         <size>0x1c</size>
         <input_file_ref idref="fl-1e"/>
      </object_component>
      <object_component id="oc-6b8">
         <name>.bss:SwiP_readyList</name>
         <uninitialized>true</uninitialized>
         <run_address>0x20008450</run_address>
         <size>0x20</size>
         <input_file_ref idref="fl-1e"/>
      </object_component>
      <object_component id="oc-37b">
         <name>.bss</name>
         <uninitialized>true</uninitialized>
         <run_address>0x200084d8</run_address>
         <size>0x8</size>
         <input_file_ref idref="fl-1f"/>
      </object_component>
      <object_component id="oc-356">
         <name>.common:uartMSP432Objects</name>
         <uninitialized>true</uninitialized>
         <run_address>0x200083a0</run_address>
         <size>0x80</size>
      </object_component>
      <object_component id="oc-26">
         <name>.sysmem</name>
         <uninitialized>true</uninitialized>
         <run_address>0x20000000</run_address>
         <size>0x10</size>
         <input_file_ref idref="fl-e0"/>
      </object_component>
      <object_component id="oc-7ba">
         <name>.sysmem</name>
         <uninitialized>true</uninitialized>
         <run_address>0x20000000</run_address>
         <size>0x0</size>
      </object_component>
      <object_component id="oc-29">
         <name>.stack</name>
         <uninitialized>true</uninitialized>
         <run_address>0x2000f000</run_address>
         <size>0x4</size>
         <input_file_ref idref="fl-e1"/>
      </object_component>
      <object_component id="oc-7b9">
         <name>.stack</name>
         <uninitialized>true</uninitialized>
         <run_address>0x2000f000</run_address>
         <size>0x0</size>
      </object_component>
      <object_component id="oc-23">
         <name>.intvecs:retain</name>
         <load_address>0x0</load_address>
         <run_address>0x0</run_address>
         <size>0x144</size>
         <input_file_ref idref="fl-1c"/>
      </object_component>
      <object_component id="oc-49f">
         <name>.vtable</name>
         <uninitialized>true</uninitialized>
         <run_address>0x20008800</run_address>
         <size>0xe8</size>
         <input_file_ref idref="fl-20"/>
      </object_component>
      <object_component id="oc-10c">
         <name>.debug_info</name>
         <load_address>0x0</load_address>
         <run_address>0x0</run_address>
         <size>0x2e6</size>
         <input_file_ref idref="fl-2"/>
      </object_component>
      <object_component id="oc-f7">
         <name>.debug_info</name>
         <load_address>0x2e6</load_address>
         <run_address>0x2e6</run_address>
         <size>0x150</size>
         <input_file_ref idref="fl-2"/>
      </object_component>
      <object_component id="oc-cc">
         <name>.debug_info</name>
         <load_address>0x436</load_address>
         <run_address>0x436</run_address>
         <size>0x26b</size>
         <input_file_ref idref="fl-2"/>
      </object_component>
      <object_component id="oc-32">
         <name>.debug_info</name>
         <load_address>0x6a1</load_address>
         <run_address>0x6a1</run_address>
         <size>0x84</size>
         <input_file_ref idref="fl-2"/>
      </object_component>
      <object_component id="oc-107">
         <name>.debug_info</name>
         <load_address>0x725</load_address>
         <run_address>0x725</run_address>
         <size>0x297</size>
         <input_file_ref idref="fl-2"/>
      </object_component>
      <object_component id="oc-161">
         <name>.debug_info</name>
         <load_address>0x9bc</load_address>
         <run_address>0x9bc</run_address>
         <size>0xef</size>
         <input_file_ref idref="fl-2"/>
      </object_component>
      <object_component id="oc-c7">
         <name>.debug_info</name>
         <load_address>0xaab</load_address>
         <run_address>0xaab</run_address>
         <size>0xbb</size>
         <input_file_ref idref="fl-2"/>
      </object_component>
      <object_component id="oc-189">
         <name>.debug_info</name>
         <load_address>0xb66</load_address>
         <run_address>0xb66</run_address>
         <size>0x53</size>
         <input_file_ref idref="fl-2"/>
      </object_component>
      <object_component id="oc-1de">
         <name>.debug_info</name>
         <load_address>0xbb9</load_address>
         <run_address>0xbb9</run_address>
         <size>0x507</size>
         <input_file_ref idref="fl-3"/>
      </object_component>
      <object_component id="oc-1d5">
         <name>.debug_info</name>
         <load_address>0x10c0</load_address>
         <run_address>0x10c0</run_address>
         <size>0xe7</size>
         <input_file_ref idref="fl-3"/>
      </object_component>
      <object_component id="oc-1d8">
         <name>.debug_info</name>
         <load_address>0x11a7</load_address>
         <run_address>0x11a7</run_address>
         <size>0xe7</size>
         <input_file_ref idref="fl-3"/>
      </object_component>
      <object_component id="oc-1db">
         <name>.debug_info</name>
         <load_address>0x128e</load_address>
         <run_address>0x128e</run_address>
         <size>0xe7</size>
         <input_file_ref idref="fl-3"/>
      </object_component>
      <object_component id="oc-11b">
         <name>.debug_info</name>
         <load_address>0x1375</load_address>
         <run_address>0x1375</run_address>
         <size>0x306</size>
         <input_file_ref idref="fl-3"/>
      </object_component>
      <object_component id="oc-170">
         <name>.debug_info</name>
         <load_address>0x167b</load_address>
         <run_address>0x167b</run_address>
         <size>0x4cf</size>
         <input_file_ref idref="fl-3"/>
      </object_component>
      <object_component id="oc-184">
         <name>.debug_info</name>
         <load_address>0x1b4a</load_address>
         <run_address>0x1b4a</run_address>
         <size>0x3b</size>
         <input_file_ref idref="fl-3"/>
      </object_component>
      <object_component id="oc-105">
         <name>.debug_info</name>
         <load_address>0x1b85</load_address>
         <run_address>0x1b85</run_address>
         <size>0x88b</size>
         <input_file_ref idref="fl-4"/>
      </object_component>
      <object_component id="oc-346">
         <name>.debug_info</name>
         <load_address>0x2410</load_address>
         <run_address>0x2410</run_address>
         <size>0x103</size>
         <input_file_ref idref="fl-4"/>
      </object_component>
      <object_component id="oc-349">
         <name>.debug_info</name>
         <load_address>0x2513</load_address>
         <run_address>0x2513</run_address>
         <size>0x111</size>
         <input_file_ref idref="fl-4"/>
      </object_component>
      <object_component id="oc-263">
         <name>.debug_info</name>
         <load_address>0x2624</load_address>
         <run_address>0x2624</run_address>
         <size>0x109</size>
         <input_file_ref idref="fl-4"/>
      </object_component>
      <object_component id="oc-229">
         <name>.debug_info</name>
         <load_address>0x272d</load_address>
         <run_address>0x272d</run_address>
         <size>0x10b</size>
         <input_file_ref idref="fl-4"/>
      </object_component>
      <object_component id="oc-486">
         <name>.debug_info</name>
         <load_address>0x2838</load_address>
         <run_address>0x2838</run_address>
         <size>0x10c</size>
         <input_file_ref idref="fl-4"/>
      </object_component>
      <object_component id="oc-489">
         <name>.debug_info</name>
         <load_address>0x2944</load_address>
         <run_address>0x2944</run_address>
         <size>0x110</size>
         <input_file_ref idref="fl-4"/>
      </object_component>
      <object_component id="oc-358">
         <name>.debug_info</name>
         <load_address>0x2a54</load_address>
         <run_address>0x2a54</run_address>
         <size>0x108</size>
         <input_file_ref idref="fl-4"/>
      </object_component>
      <object_component id="oc-270">
         <name>.debug_info</name>
         <load_address>0x2b5c</load_address>
         <run_address>0x2b5c</run_address>
         <size>0xfd</size>
         <input_file_ref idref="fl-4"/>
      </object_component>
      <object_component id="oc-26d">
         <name>.debug_info</name>
         <load_address>0x2c59</load_address>
         <run_address>0x2c59</run_address>
         <size>0xfb</size>
         <input_file_ref idref="fl-4"/>
      </object_component>
      <object_component id="oc-197">
         <name>.debug_info</name>
         <load_address>0x2d54</load_address>
         <run_address>0x2d54</run_address>
         <size>0x14f</size>
         <input_file_ref idref="fl-4"/>
      </object_component>
      <object_component id="oc-110">
         <name>.debug_info</name>
         <load_address>0x2ea3</load_address>
         <run_address>0x2ea3</run_address>
         <size>0x16d</size>
         <input_file_ref idref="fl-4"/>
      </object_component>
      <object_component id="oc-20e">
         <name>.debug_info</name>
         <load_address>0x3010</load_address>
         <run_address>0x3010</run_address>
         <size>0x100</size>
         <input_file_ref idref="fl-4"/>
      </object_component>
      <object_component id="oc-209">
         <name>.debug_info</name>
         <load_address>0x3110</load_address>
         <run_address>0x3110</run_address>
         <size>0x137</size>
         <input_file_ref idref="fl-4"/>
      </object_component>
      <object_component id="oc-204">
         <name>.debug_info</name>
         <load_address>0x3247</load_address>
         <run_address>0x3247</run_address>
         <size>0xf8</size>
         <input_file_ref idref="fl-4"/>
      </object_component>
      <object_component id="oc-166">
         <name>.debug_info</name>
         <load_address>0x333f</load_address>
         <run_address>0x333f</run_address>
         <size>0x9a</size>
         <input_file_ref idref="fl-4"/>
      </object_component>
      <object_component id="oc-16b">
         <name>.debug_info</name>
         <load_address>0x33d9</load_address>
         <run_address>0x33d9</run_address>
         <size>0x4dc</size>
         <input_file_ref idref="fl-4"/>
      </object_component>
      <object_component id="oc-17a">
         <name>.debug_info</name>
         <load_address>0x38b5</load_address>
         <run_address>0x38b5</run_address>
         <size>0x59f</size>
         <input_file_ref idref="fl-4"/>
      </object_component>
      <object_component id="oc-175">
         <name>.debug_info</name>
         <load_address>0x3e54</load_address>
         <run_address>0x3e54</run_address>
         <size>0xbb</size>
         <input_file_ref idref="fl-4"/>
      </object_component>
      <object_component id="oc-1ff">
         <name>.debug_info</name>
         <load_address>0x3f0f</load_address>
[...]
         <object_component_ref idref="oc-642"/>
      </symbol>
      <symbol id="sm-4cc">
         <name>List_put</name>
         <value>0x2fa5</value>
         <object_component_ref idref="oc-651"/>
      </symbol>
      <symbol id="sm-4f3">
         <name>RingBuf_put</name>
         <value>0x2a8d</value>
         <object_component_ref idref="oc-71d"/>
      </symbol>
      <symbol id="sm-4f4">
         <name>RingBuf_construct</name>
         <value>0x32f3</value>
         <object_component_ref idref="oc-56e"/>
      </symbol>
      <symbol id="sm-4f5">
         <name>RingBuf_peek</name>
         <value>0x30dd</value>
         <object_component_ref idref="oc-530"/>
      </symbol>
      <symbol id="sm-4f6">
         <name>RingBuf_get</name>
         <value>0x2c29</value>
         <object_component_ref idref="oc-5a1"/>
      </symbol>
      <symbol id="sm-571">
         <name>SemaphoreP_defaultParams</name>
         <value>0x200082d4</value>
         <object_component_ref idref="oc-3ff"/>
      </symbol>
      <symbol id="sm-572">
         <name>SemaphoreP_construct</name>
         <value>0x2919</value>
         <object_component_ref idref="oc-403"/>
      </symbol>
      <symbol id="sm-573">
         <name>SemaphoreP_create</name>
         <value>0x3265</value>
         <object_component_ref idref="oc-302"/>
      </symbol>
      <symbol id="sm-574">
         <name>SemaphoreP_post</name>
         <value>0x2ad5</value>
         <object_component_ref idref="oc-258"/>
      </symbol>
      <symbol id="sm-575">
         <name>SemaphoreP_pend</name>
         <value>0x1a45</value>
         <object_component_ref idref="oc-24c"/>
      </symbol>
      <symbol id="sm-576">
         <name>SemaphoreP_delete</name>
         <value>0x34e5</value>
         <object_component_ref idref="oc-246"/>
      </symbol>
      <symbol id="sm-577">
         <name>SemaphoreP_createBinary</name>
         <value>0x31a1</value>
         <object_component_ref idref="oc-234"/>
      </symbol>
      <symbol id="sm-578">
         <name>SemaphoreP_Params_init</name>
         <value>0x3399</value>
         <object_component_ref idref="oc-2fc"/>
      </symbol>
      <symbol id="sm-579">
         <name>clkFxn</name>
         <value>0x3447</value>
         <object_component_ref idref="oc-32b"/>
      </symbol>
      <symbol id="sm-5a2">
         <name>PowerMSP432_initPolicy</name>
         <value>0x2ad3</value>
         <object_component_ref idref="oc-2ed"/>
      </symbol>
      <symbol id="sm-5a3">
         <name>PowerMSP432_updateFreqs</name>
         <value>0x2e4b</value>
         <object_component_ref idref="oc-2cb"/>
      </symbol>
      <symbol id="sm-5a4">
         <name>PowerMSP432_sleepPolicy</name>
         <value>0x29fd</value>
         <object_component_ref idref="oc-2f3"/>
      </symbol>
      <symbol id="sm-68a">
         <name>ClockP_delete</name>
         <value>0x3329</value>
         <object_component_ref idref="oc-51d"/>
      </symbol>
      <symbol id="sm-68b">
         <name>ClockP_doTick</name>
         <value>0x3449</value>
         <object_component_ref idref="oc-615"/>
      </symbol>
      <symbol id="sm-68c">
         <name>ClockP_setTimeout</name>
         <value>0x34d1</value>
         <object_component_ref idref="oc-724"/>
      </symbol>
      <symbol id="sm-68d">
         <name>ClockP_startup</name>
         <value>0x1629</value>
         <object_component_ref idref="oc-4e0"/>
      </symbol>
      <symbol id="sm-68e">
         <name>ClockP_stop</name>
         <value>0x34c1</value>
         <object_component_ref idref="oc-72a"/>
      </symbol>
      <symbol id="sm-68f">
         <name>ClockP_construct</name>
         <value>0x29b5</value>
         <object_component_ref idref="oc-65c"/>
      </symbol>
      <symbol id="sm-690">
         <name>ClockP_scheduleNextTick</name>
         <value>0x3015</value>
         <object_component_ref idref="oc-427"/>
      </symbol>
      <symbol id="sm-691">
         <name>ClockP_tickPeriod</name>
         <value>0x200082e0</value>
         <object_component_ref idref="oc-60c"/>
      </symbol>
      <symbol id="sm-692">
         <name>ClockP_create</name>
         <value>0x316d</value>
         <object_component_ref idref="oc-568"/>
      </symbol>
      <symbol id="sm-693">
         <name>ClockP_Params_init</name>
         <value>0x3319</value>
         <object_component_ref idref="oc-562"/>
      </symbol>
      <symbol id="sm-694">
         <name>ClockP_workFuncDynamic</name>
         <value>0x1845</value>
         <object_component_ref idref="oc-60f"/>
      </symbol>
      <symbol id="sm-695">
         <name>ClockP_walkQueueDynamic</name>
         <value>0x233d</value>
         <object_component_ref idref="oc-6ef"/>
      </symbol>
      <symbol id="sm-696">
         <name>ClockP_destruct</name>
         <value>0x31bb</value>
         <object_component_ref idref="oc-325"/>
      </symbol>
      <symbol id="sm-697">
         <name>ClockP_start</name>
         <value>0x20c5</value>
         <object_component_ref idref="oc-313"/>
      </symbol>
      <symbol id="sm-698">
         <name>ClockP_isActive</name>
         <value>0x34cd</value>
         <object_component_ref idref="oc-31f"/>
      </symbol>
      <symbol id="sm-699">
         <name>ClockP_getTicks</name>
         <value>0x2ff1</value>
         <object_component_ref idref="oc-42d"/>
      </symbol>
      <symbol id="sm-69a">
         <name>ClockP_add</name>
         <value>0x307d</value>
         <object_component_ref idref="oc-30d"/>
      </symbol>
      <symbol id="sm-730">
         <name>TimerP_setNextTick</name>
         <value>0x2c69</value>
         <object_component_ref idref="oc-50e"/>
      </symbol>
      <symbol id="sm-731">
         <name>TimerP_getCurrentTick</name>
         <value>0x2425</value>
         <object_component_ref idref="oc-421"/>
      </symbol>
      <symbol id="sm-732">
         <name>TimerP_setPeriod</name>
         <value>0x34e9</value>
         <object_component_ref idref="oc-6cf"/>
      </symbol>
      <symbol id="sm-733">
         <name>TimerP_dynamicStub</name>
         <value>0x2815</value>
         <object_component_ref idref="oc-6e1"/>
      </symbol>
      <symbol id="sm-734">
         <name>TimerP_getMaxTicks</name>
         <value>0x3479</value>
         <object_component_ref idref="oc-600"/>
      </symbol>
      <symbol id="sm-735">
         <name>TimerP_construct</name>
         <value>0xfc1</value>
         <object_component_ref idref="oc-5fa"/>
      </symbol>
      <symbol id="sm-736">
         <name>TimerP_getFreq</name>
         <value>0x346d</value>
         <object_component_ref idref="oc-606"/>
      </symbol>
      <symbol id="sm-737">
         <name>TimerP_initDevice</name>
         <value>0x2d69</value>
         <object_component_ref idref="oc-6c9"/>
      </symbol>
      <symbol id="sm-738">
         <name>TimerP_start</name>
         <value>0x2b5d</value>
         <object_component_ref idref="oc-6d5"/>
      </symbol>
      <symbol id="sm-739">
         <name>TimerP_Params_init</name>
         <value>0x33d9</value>
         <object_component_ref idref="oc-5f4"/>
      </symbol>
      <symbol id="sm-7b3">
         <name>HwiP_delete</name>
         <value>0x31d3</value>
         <object_component_ref idref="oc-517"/>
      </symbol>
      <symbol id="sm-7b4">
         <name>HwiP_construct</name>
         <value>0x23b5</value>
         <object_component_ref idref="oc-2de"/>
      </symbol>
      <symbol id="sm-7b5">
         <name>HwiP_inISR</name>
         <value>0x31ed</value>
         <object_component_ref idref="oc-336"/>
      </symbol>
      <symbol id="sm-7b6">
         <name>HwiP_dispatch</name>
         <value>0x3039</value>
         <object_component_ref idref="oc-3cb"/>
      </symbol>
      <symbol id="sm-7b7">
         <name>HwiP_swiPIntNum</name>
         <value>0x200082e8</value>
         <object_component_ref idref="oc-3d1"/>
      </symbol>
      <symbol id="sm-7b8">
         <name>HwiP_Params_init</name>
         <value>0x32e1</value>
         <object_component_ref idref="oc-219"/>
      </symbol>
      <symbol id="sm-7b9">
         <name>HwiP_disable</name>
         <value>0x3339</value>
         <object_component_ref idref="oc-23a"/>
      </symbol>
      <symbol id="sm-7ba">
         <name>HwiP_key</name>
         <value>0x200082e4</value>
         <object_component_ref idref="oc-3d1"/>
      </symbol>
      <symbol id="sm-7bb">
         <name>HwiP_create</name>
         <value>0x2eb1</value>
         <object_component_ref idref="oc-21f"/>
      </symbol>
      <symbol id="sm-7bc">
         <name>HwiP_post</name>
         <value>0x34d9</value>
         <object_component_ref idref="oc-4d0"/>
      </symbol>
      <symbol id="sm-7bd">
         <name>HwiP_enable</name>
         <value>0x34d5</value>
         <object_component_ref idref="oc-114"/>
      </symbol>
      <symbol id="sm-7be">
         <name>HwiP_restore</name>
         <value>0x3499</value>
         <object_component_ref idref="oc-240"/>
      </symbol>
      <symbol id="sm-7fb">
         <name>resetISR</name>
         <value>0x324d</value>
         <object_component_ref idref="oc-1c"/>
      </symbol>
      <symbol id="sm-7fc">
         <name>interruptVectors</name>
         <value>0x0</value>
         <object_component_ref idref="oc-23"/>
      </symbol>
      <symbol id="sm-839">
         <name>QueueP_next</name>
         <value>0x34e1</value>
         <object_component_ref idref="oc-75f"/>
      </symbol>
      <symbol id="sm-83a">
         <name>QueueP_put</name>
         <value>0x30bd</value>
         <object_component_ref idref="oc-416"/>
      </symbol>
      <symbol id="sm-83b">
         <name>QueueP_remove</name>
         <value>0x3407</value>
         <object_component_ref idref="oc-436"/>
      </symbol>
      <symbol id="sm-83c">
         <name>QueueP_head</name>
         <value>0x34dd</value>
         <object_component_ref idref="oc-759"/>
      </symbol>
      <symbol id="sm-83d">
         <name>QueueP_init</name>
         <value>0x34c7</value>
         <object_component_ref idref="oc-5e2"/>
      </symbol>
      <symbol id="sm-83e">
         <name>QueueP_empty</name>
         <value>0x33f9</value>
         <object_component_ref idref="oc-77d"/>
      </symbol>
      <symbol id="sm-83f">
         <name>QueueP_get</name>
         <value>0x3187</value>
         <object_component_ref idref="oc-777"/>
      </symbol>
      <symbol id="sm-8de">
         <name>SwiP_disable</name>
         <value>0x3119</value>
         <object_component_ref idref="oc-3e6"/>
      </symbol>
      <symbol id="sm-8df">
         <name>SwiP_restore</name>
         <value>0x2b19</value>
         <object_component_ref idref="oc-3f8"/>
      </symbol>
      <symbol id="sm-8e0">
         <name>SwiP_construct</name>
         <value>0x1259</value>
         <object_component_ref idref="oc-5ee"/>
      </symbol>
      <symbol id="sm-8e1">
         <name>SwiP_Params_init</name>
         <value>0x33a9</value>
         <object_component_ref idref="oc-5e8"/>
      </symbol>
      <symbol id="sm-8e2">
         <name>SwiP_post</name>
         <value>0x25c9</value>
         <object_component_ref idref="oc-6f6"/>
      </symbol>
      <symbol id="sm-8e3">
         <name>SwiP_dispatch</name>
         <value>0x1cc1</value>
         <object_component_ref idref="oc-746"/>
      </symbol>
      <symbol id="sm-95c">
         <name>CS_setExternalClockSourceFrequency</name>
         <value>0x305d</value>
         <object_component_ref idref="oc-2b3"/>
      </symbol>
      <symbol id="sm-95d">
         <name>CS_startHFXTWithTimeout</name>
         <value>0xdfd</value>
         <object_component_ref idref="oc-2bf"/>
      </symbol>
      <symbol id="sm-95e">
         <name>CS_startLFXTWithTimeout</name>
         <value>0xee1</value>
         <object_component_ref idref="oc-2c5"/>
      </symbol>
      <symbol id="sm-9f4">
         <name>Interrupt_disableMaster</name>
         <value>0x3349</value>
         <object_component_ref idref="oc-4f"/>
      </symbol>
      <symbol id="sm-9f5">
         <name>Interrupt_disableInterrupt</name>
         <value>0x2145</value>
         <object_component_ref idref="oc-633"/>
      </symbol>
      <symbol id="sm-9f6">
         <name>Interrupt_unregisterInterrupt</name>
         <value>0x30fd</value>
         <object_component_ref idref="oc-639"/>
      </symbol>
      <symbol id="sm-9f7">
         <name>Interrupt_setPriority</name>
         <value>0x28c5</value>
         <object_component_ref idref="oc-3bf"/>
      </symbol>
      <symbol id="sm-9f8">
         <name>Interrupt_enableMaster</name>
         <value>0x3359</value>
         <object_component_ref idref="oc-19d"/>
      </symbol>
      <symbol id="sm-9f9">
         <name>Interrupt_enableInterrupt</name>
         <value>0x21c5</value>
         <object_component_ref idref="oc-3c5"/>
      </symbol>
      <symbol id="sm-9fa">
         <name>Interrupt_registerInterrupt</name>
         <value>0x2761</value>
         <object_component_ref idref="oc-3b9"/>
      </symbol>
      <symbol id="sm-9fb">
         <name>g_pfnRAMVectors</name>
         <value>0x20008800</value>
         <object_component_ref idref="oc-49f"/>
      </symbol>
      <symbol id="sm-9fc">
         <name>Interrupt_pendInterrupt</name>
         <value>0x24f9</value>
         <object_component_ref idref="oc-5d8"/>
      </symbol>
      <symbol id="sm-a08">
         <name>SysCtl_getNMISourceStatus</name>
         <value>0x33c9</value>
         <object_component_ref idref="oc-5d1"/>
      </symbol>
      <symbol id="sm-a28">
         <name>SysCtl_A_enableNMISource</name>
         <value>0x321d</value>
         <object_component_ref idref="oc-392"/>
      </symbol>
      <symbol id="sm-a29">
         <name>SysCtl_A_getNMISourceStatus</name>
         <value>0x33b9</value>
         <object_component_ref idref="oc-380"/>
      </symbol>
      <symbol id="sm-a2a">
         <name>SysCtl_A_disableNMISource</name>
         <value>0x3205</value>
         <object_component_ref idref="oc-386"/>
      </symbol>
      <symbol id="sm-a48">
         <name>UART_initModule</name>
         <value>0xb05</value>
         <object_component_ref idref="oc-664"/>
      </symbol>
      <symbol id="sm-a5a">
         <name>CPU_cpsie</name>
         <value>0x343b</value>
         <object_component_ref idref="oc-22d"/>
      </symbol>
      <symbol id="sm-a5b">
         <name>CPU_cpsid</name>
         <value>0x342f</value>
         <object_component_ref idref="oc-93"/>
      </symbol>
      <symbol id="sm-a68">
         <name>__aeabi_uldivmod</name>
         <value>0x1df9</value>
         <object_component_ref idref="oc-507"/>
      </symbol>
      <symbol id="sm-a77">
         <name>__aeabi_memset</name>
         <value>0x22c3</value>
         <object_component_ref idref="oc-8d"/>
      </symbol>
      <symbol id="sm-a78">
         <name>memset</name>
         <value>0x22c9</value>
         <object_component_ref idref="oc-8d"/>
      </symbol>
      <symbol id="sm-a79">
         <name>__aeabi_memset8</name>
         <value>0x22c3</value>
         <object_component_ref idref="oc-8d"/>
      </symbol>
      <symbol id="sm-a7a">
         <name>__aeabi_memset4</name>
         <value>0x22c3</value>
         <object_component_ref idref="oc-8d"/>
      </symbol>
      <symbol id="sm-a7b">
         <name>__aeabi_memclr8</name>
         <value>0x22c1</value>
         <object_component_ref idref="oc-8d"/>
      </symbol>
      <symbol id="sm-a7c">
         <name>__aeabi_memclr4</name>
         <value>0x22c1</value>
         <object_component_ref idref="oc-8d"/>
      </symbol>
      <symbol id="sm-a7d">
         <name>__aeabi_memclr</name>
         <value>0x22c1</value>
         <object_component_ref idref="oc-8d"/>
      </symbol>
      <symbol id="sm-a98">
         <name>memcpy</name>
         <value>0x1d5d</value>
         <object_component_ref idref="oc-37"/>
      </symbol>
      <symbol id="sm-a99">
         <name>__aeabi_memcpy</name>
         <value>0x1d5d</value>
         <object_component_ref idref="oc-37"/>
      </symbol>
      <symbol id="sm-a9a">
         <name>__aeabi_memcpy8</name>
         <value>0x1d5d</value>
         <object_component_ref idref="oc-37"/>
      </symbol>
      <symbol id="sm-a9b">
         <name>__aeabi_memcpy4</name>
         <value>0x1d5d</value>
         <object_component_ref idref="oc-37"/>
      </symbol>
      <symbol id="sm-ab4">
         <name>__TI_zero_init_nomemset</name>
         <value>0x3135</value>
         <object_component_ref idref="oc-43"/>
      </symbol>
      <symbol id="sm-acb">
         <name>__TI_decompress_none</name>
         <value>0x3415</value>
         <object_component_ref idref="oc-15"/>
      </symbol>
      <symbol id="sm-aee">
         <name>__TI_decompress_lzss</name>
         <value>0x2699</value>
         <object_component_ref idref="oc-f"/>
      </symbol>
      <symbol id="sm-b75">
         <name>_sys_memory</name>
         <value>0x20000000</value>
         <object_component_ref idref="oc-26"/>
      </symbol>
      <symbol id="sm-b76">
         <name>free</name>
         <value>0xd15</value>
         <object_component_ref idref="oc-2e4"/>
      </symbol>
      <symbol id="sm-b77">
         <name>memalign</name>
         <value>0xc21</value>
         <object_component_ref idref="oc-3b2"/>
      </symbol>
      <symbol id="sm-b78">
         <name>malloc</name>
         <value>0x34a1</value>
         <object_component_ref idref="oc-2d8"/>
      </symbol>
      <symbol id="sm-b79">
         <name>aligned_alloc</name>
         <value>0xc21</value>
         <object_component_ref idref="oc-3b2"/>
      </symbol>
      <symbol id="sm-b8c">
         <name>__stack</name>
         <value>0x2000f000</value>
         <object_component_ref idref="oc-29"/>
      </symbol>
      <symbol id="sm-b8d">
         <name>_c_int00_noargs</name>
         <value>0x2e4d</value>
         <object_component_ref idref="oc-a5"/>
      </symbol>
      <symbol id="sm-b97">
         <name>__aeabi_idiv0</name>
         <value>0x34fb</value>
         <object_component_ref idref="oc-625"/>
      </symbol>
      <symbol id="sm-b98">
         <name>__aeabi_ldiv0</name>
         <value>0x34fb</value>
         <object_component_ref idref="oc-625"/>
      </symbol>
      <symbol id="sm-bc0">
         <name>__TI_auto_init_nobinit_nopinit</name>
         <value>0x2be5</value>
         <object_component_ref idref="oc-12d"/>
      </symbol>
      <symbol id="sm-bca">
         <name>_system_pre_init</name>
         <value>0x34ed</value>
         <object_component_ref idref="oc-ed"/>
      </symbol>
      <symbol id="sm-bd6">
         <name>C$$EXIT</name>
         <value>0x34f1</value>
         <object_component_ref idref="oc-121"/>
      </symbol>
      <symbol id="sm-bd7">
         <name>abort</name>
         <value>0x34f1</value>
         <object_component_ref idref="oc-121"/>
      </symbol>
      <symbol id="sm-bec">
         <name>_nop</name>
         <value>0x31eb</value>
         <object_component_ref idref="oc-294"/>
      </symbol>
      <symbol id="sm-bed">
         <name>_lock</name>
         <value>0x200082c4</value>
         <object_component_ref idref="oc-1e3"/>
      </symbol>
      <symbol id="sm-bee">
         <name>_unlock</name>
         <value>0x200082c8</value>
         <object_component_ref idref="oc-1e3"/>
      </symbol>
      <symbol id="sm-bf0">
         <name>__TI_static_base__</name>
         <value>0x36f8</value>
      </symbol>
      <symbol id="sm-bf3">
         <name>__mpu_init</name>
         <value>0x0</value>
      </symbol>
      <symbol id="sm-bf4">
         <name>_system_post_cinit</name>
         <value>0x0</value>
      </symbol>
      <symbol id="sm-bf5">
         <name>NoRTOS_start</name>
         <value>0x34d5</value>
      </symbol>
   </symbol_table>
   <title>Link successful</title>
</link_info>
