******************************************************************************
                  TI ARM Linker PC v18.12.3                    
******************************************************************************
>> Linked Fri Oct 11 08:52:21 2019

OUTPUT FILE NAME:   <uartecho_MSP_EXP432P401R_nortos_ccs.out>
ENTRY POINT SYMBOL: "resetISR"  address: 0000324d


MEMORY CONFIGURATION

         name            origin    length      used     unused   attr    fill
----------------------  --------  ---------  --------  --------  ----  --------
  MAIN                  00000000   00040000  000037b6  0003c84a  R  X
  INFO                  00200000   00004000  00000000  00004000  R  X
  SRAM_CODE             01000000   00010000  000095d8  00006a28  RW X
  SRAM_DATA             20000000   00010000  000095d8  00006a28  RW  


SEGMENT ALLOCATION MAP

run origin  load origin   length   init length attrs members
----------  ----------- ---------- ----------- ----- -------
00000000    00000000    000037b8   000037b8    r-x
  00000000    00000000    00000144   00000144    r-- .intvecs
  00000144    00000144    000033b8   000033b8    r-x .text
  000034fc    000034fc    000001fa   000001fa    r-- .const
  000036f8    000036f8    000000c0   000000c0    r-- .cinit
20000000    20000000    000084f4   00000000    rw-
  20000000    20000000    00008000   00000000    rw- .sysmem
  20008000    20008000    000002fc   00000000    rw- .data
  20008300    20008300    000001f4   00000000    rw- .bss
20008800    20008800    000000e8   00000000    rw-
  20008800    20008800    000000e8   00000000    rw- .vtable
2000f000    2000f000    00001000   00000000    rw-
  2000f000    2000f000    00001000   00000000    rw- .stack


SECTION ALLOCATION MAP

 output                                  attributes/
section   page    origin      length       input sections
--------  ----  ----------  ----------   ----------------
.text      0    00000144    000033b8     
                  00000144    000002f8     drivers_msp432p401x.aem4f : PowerMSP432.oem4f (.text:Power_sleep)
                  0000043c    000002d0                               : UARTMSP432.oem4f (.text:UARTMSP432_open)
                  0000070c    00000288                               : PowerMSP432.oem4f (.text:initPerfControl)
                  00000994    00000170                               : GPIOMSP432.oem4f (.text:GPIO_setConfig)
                  00000b04    0000011c     msp432p4xx_driverlib.lib : uart.o (.text:UART_initModule)
                  00000c20    000000f4     rtsv7M4_T_le_v4SPD16_eabi.lib : memory.c.obj (.text:aligned_alloc)
                  00000d14    000000e8                                   : memory.c.obj (.text:free)
                  00000dfc    000000e4     msp432p4xx_driverlib.lib : cs.o (.text:CS_startHFXTWithTimeout)
                  00000ee0    000000e0                              : cs.o (.text:CS_startLFXTWithTimeout)
                  00000fc0    000000e0     nortos_msp432p401x.aem4f : TimerPMSP432_nortos.oem4f (.text:TimerP_construct)
                  000010a0    000000dc     drivers_msp432p401x.aem4f : UARTMSP432.oem4f (.text:UARTMSP432_readPolling)
                  0000117c    000000dc     msp432p4xx_driverlib.lib : cs.o (.text:_CSGetHFXTFrequency)
                  00001258    000000d8     nortos_msp432p401x.aem4f : SwiP_nortos.oem4f (.text:SwiP_construct)
                  00001330    000000c8     uartecho.obj (.text:mainThread)
                  000013f8    000000c0     drivers_msp432p401x.aem4f : UARTMSP432.oem4f (.text:UARTMSP432_hwiIntFxn)
                  000014b8    000000b8                               : UARTMSP432.oem4f (.text:initHw)
                  00001570    000000b8                               : UARTMSP432.oem4f (.text:readTaskCallback)
                  00001628    000000b4     nortos_msp432p401x.aem4f : ClockPTimer_nortos.oem4f (.text:ClockP_startup)
                  000016dc    000000b4     drivers_msp432p401x.aem4f : UARTMSP432.oem4f (.text:UARTMSP432_control)
                  00001790    000000b4                               : UARTMSP432.oem4f (.text:UARTMSP432_writePolling)
                  00001844    000000ac     nortos_msp432p401x.aem4f : ClockPTimer_nortos.oem4f (.text:ClockP_workFuncDynamic)
                  000018f0    000000ac     drivers_msp432p401x.aem4f : GPIOMSP432.oem4f (.text:GPIO_init)
                  0000199c    000000a8                               : UARTMSP432.oem4f (.text:readTaskBlocking)
                  00001a44    000000a0     nortos_msp432p401x.aem4f : SemaphoreP_nortos.oem4f (.text:SemaphoreP_pend)
                  00001ae4    000000a0     drivers_msp432p401x.aem4f : UARTMSP432.oem4f (.text:UARTMSP432_write)
                  00001b84    000000a0                               : UARTMSP432.oem4f (.text:readIsrTextCallback)
                  00001c24    0000009c                               : PowerMSP432.oem4f (.text:Power_init)
                  00001cc0    0000009c     nortos_msp432p401x.aem4f : SwiP_nortos.oem4f (.text:SwiP_dispatch)
                  00001d5c    0000009c     rtsv7M4_T_le_v4SPD16_eabi.lib : memcpy_t2.asm.obj (.text)
                  00001df8    00000096                                   : ull_div_t2.asm.obj (.text)
                  00001e8e    00000092     drivers_msp432p401x.aem4f : UARTMSP432.oem4f (.text:UARTMSP432_close)
                  00001f20    00000092                               : UARTMSP432.oem4f (.text:writeData)
                  00001fb2    0000008c                               : UARTMSP432.oem4f (.text:readIsrTextBlocking)
                  0000203e    00000002     ti_drivers_config.obj (.text:Board_initHook)
                  00002040    00000084     drivers_msp432p401x.aem4f : PowerMSP432.oem4f (.text:restartHFXT)
                  000020c4    00000080     nortos_msp432p401x.aem4f : ClockPTimer_nortos.oem4f (.text:ClockP_start)
                  00002144    00000080     msp432p4xx_driverlib.lib : interrupt.o (.text:Interrupt_disableInterrupt)
                  000021c4    00000080                              : interrupt.o (.text:Interrupt_enableInterrupt)
                  00002244    0000007c     rtsv7M4_T_le_v4SPD16_eabi.lib : memory.c.obj (.text:split)
                  000022c0    0000007a                                   : memset_t2.asm.obj (.text)
                  0000233a    00000002     msp432p4xx_driverlib.lib : interrupt.o (.text:IntDefaultHandler)
                  0000233c    00000078     nortos_msp432p401x.aem4f : ClockPTimer_nortos.oem4f (.text:ClockP_walkQueueDynamic)
                  000023b4    00000070                              : HwiPMSP432_nortos.oem4f (.text:HwiP_construct)
                  00002424    0000006c                              : TimerPMSP432_nortos.oem4f (.text:TimerP_getCurrentTick)
                  00002490    00000068     drivers_msp432p401x.aem4f : GPIOMSP432.oem4f (.text:GPIO_hwiIntFxn)
                  000024f8    00000068     msp432p4xx_driverlib.lib : interrupt.o (.text:Interrupt_pendInterrupt)
                  00002560    00000068     drivers_msp432p401x.aem4f : PowerMSP432.oem4f (.text:PowerMSP432_getFreqs)
                  000025c8    00000068     nortos_msp432p401x.aem4f : SwiP_nortos.oem4f (.text:SwiP_post)
                  00002630    00000068     drivers_msp432p401x.aem4f : UARTMSP432.oem4f (.text:UARTMSP432_writeCancel)
                  00002698    00000068     rtsv7M4_T_le_v4SPD16_eabi.lib : copy_decompress_lzss.c.obj (.text:decompress:lzss:__TI_decompress_lzss)
                  00002700    00000060     drivers_msp432p401x.aem4f : GPIOMSP432.oem4f (.text:GPIO_setCallback)
                  00002760    0000005c     msp432p4xx_driverlib.lib : interrupt.o (.text:Interrupt_registerInterrupt)
                  000027bc    00000058     drivers_msp432p401x.aem4f : GPIOMSP432.oem4f (.text:GPIO_write)
                  00002814    00000058     nortos_msp432p401x.aem4f : TimerPMSP432_nortos.oem4f (.text:TimerP_dynamicStub)
                  0000286c    00000058     drivers_msp432p401x.aem4f : UARTMSP432.oem4f (.text:readIsrBinaryBlocking)
                  000028c4    00000054     msp432p4xx_driverlib.lib : interrupt.o (.text:Interrupt_setPriority)
                  00002918    00000050     nortos_msp432p401x.aem4f : SemaphoreP_nortos.oem4f (.text:SemaphoreP_construct)
                  00002968    0000004c     drivers_msp432p401x.aem4f : UARTMSP432.oem4f (.text:readIsrBinaryCallback)
                  000029b4    00000048     nortos_msp432p401x.aem4f : ClockPTimer_nortos.oem4f (.text:ClockP_construct)
                  000029fc    00000048                              : PowerMSP432_nortos.oem4f (.text:PowerMSP432_sleepPolicy)
                  00002a44    00000048     drivers_msp432p401x.aem4f : PowerMSP432.oem4f (.text:Power_releaseConstraint)
                  00002a8c    00000046                               : RingBuf.oem4f (.text:RingBuf_put)
                  00002ad2    00000002     nortos_msp432p401x.aem4f : PowerMSP432_nortos.oem4f (.text:PowerMSP432_initPolicy)
                  00002ad4    00000044                              : SemaphoreP_nortos.oem4f (.text:SemaphoreP_post)
                  00002b18    00000044                              : SwiP_nortos.oem4f (.text:SwiP_restore)
                  00002b5c    00000044                              : TimerPMSP432_nortos.oem4f (.text:TimerP_start)
                  00002ba0    00000044     drivers_msp432p401x.aem4f : UART.oem4f (.text:UART_init)
                  00002be4    00000044     rtsv7M4_T_le_v4SPD16_eabi.lib : autoinit.c.obj (.text:__TI_auto_init_nobinit_nopinit:__TI_auto_init_nobinit_nopinit)
                  00002c28    00000040     drivers_msp432p401x.aem4f : RingBuf.oem4f (.text:RingBuf_get)
                  00002c68    00000040     nortos_msp432p401x.aem4f : TimerPMSP432_nortos.oem4f (.text:TimerP_setNextTick)
                  00002ca8    00000040     drivers_msp432p401x.aem4f : UARTMSP432.oem4f (.text:UARTMSP432_read)
                  00002ce8    00000040                               : UART.oem4f (.text:UART_open)
                  00002d28    00000040                               : UARTMSP432.oem4f (.text:perfChangeNotifyFxn)
                  00002d68    0000003c     nortos_msp432p401x.aem4f : TimerPMSP432_nortos.oem4f (.text:TimerP_initDevice)
                  00002da4    00000038     drivers_msp432p401x.aem4f : PowerMSP432.oem4f (.text:Power_setConstraint)
                  00002ddc    00000038                               : PowerMSP432.oem4f (.text:notify)
                  00002e14    00000036                               : UARTMSP432.oem4f (.text:UARTMSP432_readCancel)
                  00002e4a    00000002     nortos_msp432p401x.aem4f : PowerMSP432_nortos.oem4f (.text:PowerMSP432_updateFreqs)
                  00002e4c    00000034     rtsv7M4_T_le_v4SPD16_eabi.lib : boot_cortex_m.c.obj (.text:_c_int00_noargs:_c_int00_noargs)
                  00002e80    00000030     drivers_msp432p401x.aem4f : UARTMSP432.oem4f (.text:mapPin)
                  00002eb0    0000002a     nortos_msp432p401x.aem4f : HwiPMSP432_nortos.oem4f (.text:HwiP_create)
                  00002eda    00000002     drivers_msp432p401x.aem4f : UARTMSP432.oem4f (.text:UARTMSP432_init)
                  00002edc    00000028                               : PowerMSP432.oem4f (.text:Power_registerNotify)
                  00002f04    00000028                               : PowerMSP432.oem4f (.text:disableFaultCounter)
                  00002f2c    00000028                               : PowerMSP432.oem4f (.text:disableHFXT)
                  00002f54    00000028                               : UARTMSP432.oem4f (.text:findBaudDividerIndex)
                  00002f7c    00000028     rtsv7M4_T_le_v4SPD16_eabi.lib : memory.c.obj (.text:free_list_insert)
                  00002fa4    00000026     drivers_msp432p401x.aem4f : List.oem4f (.text:List_put)
                  00002fca    00000026                               : List.oem4f (.text:List_remove)
                  00002ff0    00000024     nortos_msp432p401x.aem4f : ClockPTimer_nortos.oem4f (.text:ClockP_getTicks)
                  00003014    00000024                              : ClockPTimer_nortos.oem4f (.text:ClockP_scheduleNextTick)
                  00003038    00000024                              : HwiPMSP432_nortos.oem4f (.text:HwiP_dispatch)
                  0000305c    00000020     msp432p4xx_driverlib.lib : cs.o (.text:CS_setExternalClockSourceFrequency)
                  0000307c    00000020     nortos_msp432p401x.aem4f : ClockPTimer_nortos.oem4f (.text:ClockP_add)
                  0000309c    00000020     drivers_msp432p401x.aem4f : PowerMSP432.oem4f (.text:Power_unregisterNotify)
                  000030bc    00000020     nortos_msp432p401x.aem4f : QueueP_nortos.oem4f (.text:QueueP_put)
                  000030dc    00000020     drivers_msp432p401x.aem4f : RingBuf.oem4f (.text:RingBuf_peek)
                  000030fc    0000001c     msp432p4xx_driverlib.lib : interrupt.o (.text:Interrupt_unregisterInterrupt)
                  00003118    0000001c     nortos_msp432p401x.aem4f : SwiP_nortos.oem4f (.text:SwiP_disable)
                  00003134    0000001c     rtsv7M4_T_le_v4SPD16_eabi.lib : copy_zero_init.c.obj (.text:decompress:ZI:__TI_zero_init_nomemset:__TI_zero_init_nomemset)
                  00003150    0000001c                                   : memory.c.obj (.text:free_list_remove)
                  0000316c    0000001a     nortos_msp432p401x.aem4f : ClockPTimer_nortos.oem4f (.text:ClockP_create)
                  00003186    0000001a                              : QueueP_nortos.oem4f (.text:QueueP_get)
                  000031a0    0000001a                              : SemaphoreP_nortos.oem4f (.text:SemaphoreP_createBinary)
                  000031ba    00000018                              : ClockPTimer_nortos.oem4f (.text:ClockP_destruct)
                  000031d2    00000018                              : HwiPMSP432_nortos.oem4f (.text:HwiP_delete)
                  000031ea    00000002     rtsv7M4_T_le_v4SPD16_eabi.lib : _lock.c.obj (.text:_nop)
                  000031ec    00000018     nortos_msp432p401x.aem4f : HwiPMSP432_nortos.oem4f (.text:HwiP_inISR)
                  00003204    00000018     msp432p4xx_driverlib.lib : sysctl_a.o (.text:SysCtl_A_disableNMISource)
                  0000321c    00000018                              : sysctl_a.o (.text:SysCtl_A_enableNMISource)
                  00003234    00000018     drivers_msp432p401x.aem4f : UART.oem4f (.text:UART_Params_init)
                  0000324c    00000018     nortos_msp432p401x.aem4f : startup_msp432_ccs.oem4f (.text:resetISR)
                  00003264    00000016                              : SemaphoreP_nortos.oem4f (.text:SemaphoreP_create)
                  0000327a    00000016                              : SwiP_nortos.oem4f (.text:maxbit)
                  00003290    00000014     drivers_msp432p401x.aem4f : PowerMSP432.oem4f (.text:Power_idleFunc)
                  000032a4    00000014     nortos_msp432p401x.aem4f : SwiP_nortos.oem4f (.text:SwiP_handleHwi)
                  000032b8    00000014                              : TimerPMSP432_nortos.oem4f (.text:TimerP_getCount)
                  000032cc    00000014     drivers_msp432p401x.aem4f : UARTMSP432.oem4f (.text:clearTXCPTIFG)
                  000032e0    00000012     nortos_msp432p401x.aem4f : HwiPMSP432_nortos.oem4f (.text:HwiP_Params_init)
                  000032f2    00000012     drivers_msp432p401x.aem4f : RingBuf.oem4f (.text:RingBuf_construct)
                  00003304    00000012     main_nortos.obj (.text:main)
                  00003316    00000002     nortos_msp432p401x.aem4f : startup_msp432_ccs.oem4f (.text:busFaultISR)
                  00003318    00000010                              : ClockPTimer_nortos.oem4f (.text:ClockP_Params_init)
                  00003328    00000010                              : ClockPTimer_nortos.oem4f (.text:ClockP_delete)
                  00003338    00000010                              : HwiPMSP432_nortos.oem4f (.text:HwiP_disable)
                  00003348    00000010     msp432p4xx_driverlib.lib : interrupt.o (.text:Interrupt_disableMaster)
                  00003358    00000010                              : interrupt.o (.text:Interrupt_enableMaster)
                  00003368    00000010     drivers_msp432p401x.aem4f : PowerMSP432.oem4f (.text:PowerMSP432_getNumPerfLevels)
                  00003378    00000010                               : PowerMSP432.oem4f (.text:Power_disablePolicy)
                  00003388    00000010                               : PowerMSP432.oem4f (.text:Power_enablePolicy)
                  00003398    00000010     nortos_msp432p401x.aem4f : SemaphoreP_nortos.oem4f (.text:SemaphoreP_Params_init)
                  000033a8    00000010                              : SwiP_nortos.oem4f (.text:SwiP_Params_init)
                  000033b8    00000010     msp432p4xx_driverlib.lib : sysctl_a.o (.text:SysCtl_A_getNMISourceStatus)
                  000033c8    00000010                              : sysctl.o (.text:SysCtl_getNMISourceStatus)
                  000033d8    00000010     nortos_msp432p401x.aem4f : TimerPMSP432_nortos.oem4f (.text:TimerP_Params_init)
                  000033e8    00000010     drivers_msp432p401x.aem4f : UARTMSP432.oem4f (.text:readBlockingTimeout)
                  000033f8    0000000e     nortos_msp432p401x.aem4f : QueueP_nortos.oem4f (.text:QueueP_empty)
                  00003406    0000000e                              : QueueP_nortos.oem4f (.text:QueueP_remove)
                  00003414    0000000e     rtsv7M4_T_le_v4SPD16_eabi.lib : copy_decompress_none.c.obj (.text:decompress:none:__TI_decompress_none)
                  00003422    0000000c     ti_drivers_config.obj (.text:Board_init)
                  0000342e    0000000c     msp432p4xx_driverlib.lib : cpu.o (.text:CPU_cpsid)
                  0000343a    0000000c                              : cpu.o (.text:CPU_cpsie)
                  00003446    00000002     nortos_msp432p401x.aem4f : SemaphoreP_nortos.oem4f (.text:clkFxn)
                  00003448    0000000c                              : ClockPTimer_nortos.oem4f (.text:ClockP_doTick)
                  00003454    0000000c     drivers_msp432p401x.aem4f : PowerMSP432.oem4f (.text:Power_getConstraintMask)
                  00003460    0000000c                               : PowerMSP432.oem4f (.text:Power_getPerformanceLevel)
                  0000346c    0000000c     nortos_msp432p401x.aem4f : TimerPMSP432_nortos.oem4f (.text:TimerP_getFreq)
                  00003478    0000000c                              : TimerPMSP432_nortos.oem4f (.text:TimerP_getMaxTicks)
                  00003484    0000000a     drivers_msp432p401x.aem4f : UART.oem4f (.text:UART_read)
                  0000348e    0000000a                               : UART.oem4f (.text:UART_write)
                  00003498    00000008     nortos_msp432p401x.aem4f : HwiPMSP432_nortos.oem4f (.text:HwiP_restore)
                  000034a0    00000008     rtsv7M4_T_le_v4SPD16_eabi.lib : memory.c.obj (.text:malloc)
                  000034a8    00000008     drivers_msp432p401x.aem4f : UARTMSP432.oem4f (.text:readSemCallback)
                  000034b0    00000008                               : UARTMSP432.oem4f (.text:txcptEnabledStatus)
                  000034b8    00000008                               : UARTMSP432.oem4f (.text:writeSemCallback)
                  000034c0    00000006     nortos_msp432p401x.aem4f : ClockPTimer_nortos.oem4f (.text:ClockP_stop)
                  000034c6    00000006                              : QueueP_nortos.oem4f (.text:QueueP_init)
                  000034cc    00000004                              : ClockPTimer_nortos.oem4f (.text:ClockP_isActive)
                  000034d0    00000004                              : ClockPTimer_nortos.oem4f (.text:ClockP_setTimeout)
                  000034d4    00000004                              : HwiPMSP432_nortos.oem4f (.text:HwiP_enable)
                  000034d8    00000004                              : HwiPMSP432_nortos.oem4f (.text:HwiP_post)
                  000034dc    00000004                              : QueueP_nortos.oem4f (.text:QueueP_head)
                  000034e0    00000004                              : QueueP_nortos.oem4f (.text:QueueP_next)
                  000034e4    00000004                              : SemaphoreP_nortos.oem4f (.text:SemaphoreP_delete)
                  000034e8    00000004                              : TimerPMSP432_nortos.oem4f (.text:TimerP_setPeriod)
                  000034ec    00000004     rtsv7M4_T_le_v4SPD16_eabi.lib : pre_init.c.obj (.text:_system_pre_init)
                  000034f0    00000004                                   : exit.c.obj (.text:abort:abort)
                  000034f4    00000002     nortos_msp432p401x.aem4f : startup_msp432_ccs.oem4f (.text:defaultISR)
                  000034f6    00000002                              : startup_msp432_ccs.oem4f (.text:faultISR)
                  000034f8    00000002                              : startup_msp432_ccs.oem4f (.text:nmiISR)
                  000034fa    00000002     rtsv7M4_T_le_v4SPD16_eabi.lib : div0.asm.obj (.text)

.const     0    000034fc    000001fa     
                  000034fc    00000050     msp432p4xx_driverlib.lib : interrupt.o (.const:g_pulRegs)
                  0000354c    00000040     ti_drivers_config.obj (.const:uartMSP432Baudrates)
                  0000358c    00000038     ti_drivers_config.obj (.const:PowerMSP432_config)
                  000035c4    0000002c     ti_drivers_config.obj (.const:uartMSP432HWAttrs)
                  000035f0    00000028     drivers_msp432p401x.aem4f : UARTMSP432.oem4f (.const:UARTMSP432_fxnTable)
                  00003618    00000024                               : UART.oem4f (.const:UART_defaultParams)
                  0000363c    00000020                               : UARTMSP432.oem4f (.const:staticFxnTable)
                  0000365c    00000018     uartecho.obj (.const:.string:$P$T0$1)
                  00003674    00000016     uartecho.obj (.const:.string:$P$T2$3)
                  0000368a    00000001     ti_drivers_config.obj (.const)
                  0000368b    00000001     --HOLE-- [fill = 0]
                  0000368c    00000014     ti_drivers_config.obj (.const:GPIOMSP432_config)
                  000036a0    00000010     nortos_msp432p401x.aem4f : SwiP_nortos.oem4f (.const:SwiP_defaultParams)
                  000036b0    0000000c     uartecho.obj (.const:.string:$P$T1$2)
                  000036bc    0000000c     ti_drivers_config.obj (.const:UART_config)
                  000036c8    00000008     msp432p4xx_driverlib.lib : interrupt.o (.const:g_pulDisRegs)
                  000036d0    00000008                              : interrupt.o (.const:g_pulEnRegs)
                  000036d8    00000008                              : interrupt.o (.const:g_pulPendRegs)
                  000036e0    00000006     drivers_msp432p401x.aem4f : GPIOMSP432.oem4f (.const:.string:interruptType)
                  000036e6    00000006                               : GPIOMSP432.oem4f (.const:.string:portInterruptIds)
                  000036ec    00000005                               : UARTMSP432.oem4f (.const:.string:parityTypes)
                  000036f1    00000001     --HOLE-- [fill = 0]
                  000036f2    00000004                               : UARTMSP432.oem4f (.const:stopBits)

.cinit     0    000036f8    000000c0     
                  000036f8    00000089     (.cinit..data.load) [load image, compression = lzss]
                  00003781    00000003     --HOLE-- [fill = 0]
                  00003784    0000000c     (__TI_handler_table)
                  00003790    00000008     (.cinit..bss.load) [load image, compression = zero_init]
                  00003798    00000008     (.cinit..vtable.load) [load image, compression = zero_init]
                  000037a0    00000018     (__TI_cinit_table)

.init_array 
*          0    00000000    00000000     UNINITIALIZED

.intvecs   0    00000000    00000144     
                  00000000    00000144     nortos_msp432p401x.aem4f : startup_msp432_ccs.oem4f (.intvecs:retain)

.sysmem    0    20000000    00008000     UNINITIALIZED
                  20000000    00000010     rtsv7M4_T_le_v4SPD16_eabi.lib : memory.c.obj (.sysmem)
                  20000010    00007ff0     --HOLE--

.data      0    20008000    000002fc     UNINITIALIZED
                  20008000    00000140     nortos_msp432p401x.aem4f : HwiPMSP432_nortos.oem4f (.data:HwiP_dispatchTable)
                  20008140    00000140     drivers_msp432p401x.aem4f : PowerMSP432.oem4f (.data:PowerMSP432_perfLevels)
                  20008280    0000002c                               : PowerMSP432.oem4f (.data:PowerMSP432_module)
                  200082ac    0000000c     nortos_msp432p401x.aem4f : ClockPTimer_nortos.oem4f (.data:ClockP_defaultParams)
                  200082b8    0000000c                              : TimerPMSP432_nortos.oem4f (.data:TimerP_defaultParams)
                  200082c4    00000008     rtsv7M4_T_le_v4SPD16_eabi.lib : _lock.c.obj (.data:$O1$$)
                  200082cc    00000008                                   : memory.c.obj (.data:$O1$$)
                  200082d4    00000008     nortos_msp432p401x.aem4f : SemaphoreP_nortos.oem4f (.data:SemaphoreP_defaultParams)
                  200082dc    00000008                              : ClockPTimer_nortos.oem4f (.data)
                  200082e4    00000008                              : HwiPMSP432_nortos.oem4f (.data)
                  200082ec    00000004     ti_drivers_config.obj (.data:gpioCallbackFunctions)
                  200082f0    00000004     ti_drivers_config.obj (.data:gpioPinConfigs)
                  200082f4    00000003     nortos_msp432p401x.aem4f : SemaphoreP_nortos.oem4f (.data)
                  200082f7    00000002     drivers_msp432p401x.aem4f : GPIOMSP432.oem4f (.data)
                  200082f9    00000001                               : UART.oem4f (.data)
                  200082fa    00000001     nortos_msp432p401x.aem4f : SwiP_nortos.oem4f (.data)
                  200082fb    00000001                              : TimerPMSP432_nortos.oem4f (.data)

.bss       0    20008300    000001f4     UNINITIALIZED
                  20008300    000000a0     nortos_msp432p401x.aem4f : ClockPTimer_nortos.oem4f (.bss:ClockP_module)
                  200083a0    00000080     (.common:uartMSP432Objects)
                  20008420    00000030     drivers_msp432p401x.aem4f : GPIOMSP432.oem4f (.bss:gpioCallbackInfo)
                  20008450    00000020     nortos_msp432p401x.aem4f : SwiP_nortos.oem4f (.bss:SwiP_readyList)
                  20008470    00000020     ti_drivers_config.obj (.bss:uartMSP432RingBuffer0)
                  20008490    0000001c     nortos_msp432p401x.aem4f : SwiP_nortos.oem4f (.bss:SwiP_hwiStruct)
                  200084ac    0000001c                              : TimerPMSP432_nortos.oem4f (.bss:TimerP_hwiStruct)
                  200084c8    0000000d                              : SwiP_nortos.oem4f (.bss)
                  200084d5    00000003     --HOLE--
                  200084d8    00000008     msp432p4xx_driverlib.lib : cs.o (.bss)
                  200084e0    00000008     nortos_msp432p401x.aem4f : ClockPTimer_nortos.oem4f (.bss:timerFreq)
                  200084e8    00000004     drivers_msp432p401x.aem4f : GPIOMSP432.oem4f (.bss)
                  200084ec    00000004     nortos_msp432p401x.aem4f : ClockPTimer_nortos.oem4f (.bss)
                  200084f0    00000004                              : TimerPMSP432_nortos.oem4f (.bss)

.vtable    0    20008800    000000e8     UNINITIALIZED
                  20008800    000000e8     msp432p4xx_driverlib.lib : interrupt.o (.vtable)

.stack     0    2000f000    00001000     UNINITIALIZED
                  2000f000    00000004     rtsv7M4_T_le_v4SPD16_eabi.lib : boot_cortex_m.c.obj (.stack)
                  2000f004    00000ffc     --HOLE--

.binit     0    00000000    00000000     

MODULE SUMMARY

       Module                       code    ro data   rw data
       ------                       ----    -------   -------
    .\
       uartecho.obj                 200     58        0      
       main_nortos.obj              18      0         0      
    +--+----------------------------+-------+---------+---------+
       Total:                       218     58        0      
                                                             
    .\syscfg\
       ti_drivers_config.obj        14      197       336    
    +--+----------------------------+-------+---------+---------+
       Total:                       14      197       336    
                                                             
    C:/ti/simplelink_msp432p4_sdk_3_30_00_13/kernel/nortos/lib/nortos_msp432p401x.aem4f
       ClockPTimer_nortos.oem4f     884     0         384    
       HwiPMSP432_nortos.oem4f      288     0         656    
       SwiP_nortos.oem4f            630     16        148    
       TimerPMSP432_nortos.oem4f    676     0         90     
       SemaphoreP_nortos.oem4f      378     0         22     
       startup_msp432_ccs.oem4f     32      324       0      
       QueueP_nortos.oem4f          100     0         0      
       PowerMSP432_nortos.oem4f     76      0         0      
    +--+----------------------------+-------+---------+---------+
       Total:                       3064    340       1300   
                                                             
    C:/ti/simplelink_msp432p4_sdk_3_30_00_13/source/ti/devices/msp432p4xx/driverlib/ccs/msp432p4xx_driverlib.lib
       interrupt.o                  598     104       464    
       cs.o                         704     0         16     
       uart.o                       284     0         0      
       sysctl_a.o                   64      0         0      
       cpu.o                        24      0         0      
       sysctl.o                     16      0         0      
    +--+----------------------------+-------+---------+---------+
       Total:                       1690    104       480    
                                                             
    C:/ti/simplelink_msp432p4_sdk_3_30_00_13/source/ti/drivers/lib/drivers_msp432p401x.aem4f
       UARTMSP432.oem4f             3380    81        0      
       PowerMSP432.oem4f            2228    0         728    
       GPIOMSP432.oem4f             828     12        108    
       UART.oem4f                   176     36        2      
       RingBuf.oem4f                184     0         0      
       List.oem4f                   76      0         0      
    +--+----------------------------+-------+---------+---------+
       Total:                       6872    129       838    
                                                             
    C:\ti\ccs910\ccs\tools\compiler\ti-cgt-arm_18.12.3.LTS\lib\rtsv7M4_T_le_v4SPD16_eabi.lib
       memory.c.obj                 676     0         16     
       memcpy_t2.asm.obj            156     0         0      
       ull_div_t2.asm.obj           150     0         0      
       memset_t2.asm.obj            122     0         0      
       copy_decompress_lzss.c.obj   104     0         0      
       autoinit.c.obj               68      0         0      
       boot_cortex_m.c.obj          52      0         0      
       copy_zero_init.c.obj         28      0         0      
       _lock.c.obj                  2       0         16     
       copy_decompress_none.c.obj   14      0         0      
       exit.c.obj                   4       0         0      
       pre_init.c.obj               4       0         0      
       div0.asm.obj                 2       0         0      
    +--+----------------------------+-------+---------+---------+
       Total:                       1382    0         32     
                                                             
       Heap:                        0       0         65536  
       Stack:                       0       0         8192   
       Linker Generated:            0       189       0      
    +--+----------------------------+-------+---------+---------+
       Grand Total:                 13240   1017      76714  


LINKER GENERATED COPY TABLES

__TI_cinit_table @ 000037a0 records: 3, size/record: 8, table size: 24
	.data: load addr=000036f8, load size=00000089 bytes, run addr=20008000, run size=000002fc bytes, compression=lzss
	.bss: load addr=00003790, load size=00000008 bytes, run addr=20008300, run size=000001f4 bytes, compression=zero_init
	.vtable: load addr=00003798, load size=00000008 bytes, run addr=20008800, run size=000000e8 bytes, compression=zero_init


LINKER GENERATED HANDLER TABLE

__TI_handler_table @ 00003784 records: 3, size/record: 4, table size: 12
	index: 0, handler: __TI_decompress_lzss
	index: 1, handler: __TI_decompress_none
	index: 2, handler: __TI_zero_init


GLOBAL SYMBOLS: SORTED ALPHABETICALLY BY Name 

address   name                              
-------   ----                              
00003423  Board_init                        
0000203f  Board_initHook                    
000034f1  C$$EXIT                           
0000342f  CPU_cpsid                         
0000343b  CPU_cpsie                         
0000305d  CS_setExternalClockSourceFrequency
00000dfd  CS_startHFXTWithTimeout           
00000ee1  CS_startLFXTWithTimeout           
00003319  ClockP_Params_init                
0000307d  ClockP_add                        
000029b5  ClockP_construct                  
0000316d  ClockP_create                     
00003329  ClockP_delete                     
000031bb  ClockP_destruct                   
00003449  ClockP_doTick                     
00002ff1  ClockP_getTicks                   
000034cd  ClockP_isActive                   
00003015  ClockP_scheduleNextTick           
000034d1  ClockP_setTimeout                 
000020c5  ClockP_start                      
00001629  ClockP_startup                    
000034c1  ClockP_stop                       
200082e0  ClockP_tickPeriod                 
0000233d  ClockP_walkQueueDynamic           
00001845  ClockP_workFuncDynamic            
0000368c  GPIOMSP432_config                 
00002491  GPIO_hwiIntFxn                    
000018f1  GPIO_init                         
00002701  GPIO_setCallback                  
00000995  GPIO_setConfig                    
000027bd  GPIO_write                        
000032e1  HwiP_Params_init                  
000023b5  HwiP_construct                    
00002eb1  HwiP_create                       
000031d3  HwiP_delete                       
00003339  HwiP_disable                      
00003039  HwiP_dispatch                     
000034d5  HwiP_enable                       
000031ed  HwiP_inISR                        
200082e4  HwiP_key                          
000034d9  HwiP_post                         
00003499  HwiP_restore                      
200082e8  HwiP_swiPIntNum                   
00002145  Interrupt_disableInterrupt        
00003349  Interrupt_disableMaster           
000021c5  Interrupt_enableInterrupt         
00003359  Interrupt_enableMaster            
000024f9  Interrupt_pendInterrupt           
00002761  Interrupt_registerInterrupt       
000028c5  Interrupt_setPriority             
000030fd  Interrupt_unregisterInterrupt     
00002fa5  List_put                          
00002fcb  List_remove                       
000034d5  NoRTOS_start                      
0000358c  PowerMSP432_config                
00002561  PowerMSP432_getFreqs              
00003369  PowerMSP432_getNumPerfLevels      
00002ad3  PowerMSP432_initPolicy            
20008280  PowerMSP432_module                
20008140  PowerMSP432_perfLevels            
000029fd  PowerMSP432_sleepPolicy           
00002e4b  PowerMSP432_updateFreqs           
00003379  Power_disablePolicy               
00003389  Power_enablePolicy                
00003455  Power_getConstraintMask           
00003461  Power_getPerformanceLevel         
00003291  Power_idleFunc                    
00001c25  Power_init                        
00002edd  Power_registerNotify              
00002a45  Power_releaseConstraint           
00002da5  Power_setConstraint               
00000145  Power_sleep                       
0000309d  Power_unregisterNotify            
000033f9  QueueP_empty                      
00003187  QueueP_get                        
000034dd  QueueP_head                       
000034c7  QueueP_init                       
000034e1  QueueP_next                       
000030bd  QueueP_put                        
00003407  QueueP_remove                     
000032f3  RingBuf_construct                 
00002c29  RingBuf_get                       
000030dd  RingBuf_peek                      
00002a8d  RingBuf_put                       
00003399  SemaphoreP_Params_init            
00002919  SemaphoreP_construct              
00003265  SemaphoreP_create                 
000031a1  SemaphoreP_createBinary           
200082d4  SemaphoreP_defaultParams          
000034e5  SemaphoreP_delete                 
00001a45  SemaphoreP_pend                   
00002ad5  SemaphoreP_post                   
000033a9  SwiP_Params_init                  
00001259  SwiP_construct                    
00003119  SwiP_disable                      
00001cc1  SwiP_dispatch                     
000025c9  SwiP_post                         
00002b19  SwiP_restore                      
00003205  SysCtl_A_disableNMISource         
0000321d  SysCtl_A_enableNMISource          
000033b9  SysCtl_A_getNMISourceStatus       
000033c9  SysCtl_getNMISourceStatus         
000033d9  TimerP_Params_init                
00000fc1  TimerP_construct                  
00002815  TimerP_dynamicStub                
00002425  TimerP_getCurrentTick             
0000346d  TimerP_getFreq                    
00003479  TimerP_getMaxTicks                
00002d69  TimerP_initDevice                 
00002c69  TimerP_setNextTick                
000034e9  TimerP_setPeriod                  
00002b5d  TimerP_start                      
00001e8f  UARTMSP432_close                  
000016dd  UARTMSP432_control                
000035f0  UARTMSP432_fxnTable               
000013f9  UARTMSP432_hwiIntFxn              
00002edb  UARTMSP432_init                   
0000043d  UARTMSP432_open                   
00002ca9  UARTMSP432_read                   
00002e15  UARTMSP432_readCancel             
000010a1  UARTMSP432_readPolling            
00001ae5  UARTMSP432_write                  
00002631  UARTMSP432_writeCancel            
00001791  UARTMSP432_writePolling           
00003235  UART_Params_init                  
000036bc  UART_config                       
0000368a  UART_count                        
00003618  UART_defaultParams                
00002ba1  UART_init                         
00000b05  UART_initModule                   
00002ce9  UART_open                         
00003485  UART_read                         
0000348f  UART_write                        
4000480c  WDTCTL_SYM                        
20010000  __STACK_END                       
00001000  __STACK_SIZE                      
00008000  __SYSMEM_SIZE                     
000037a0  __TI_CINIT_Base                   
000037b8  __TI_CINIT_Limit                  
00003784  __TI_Handler_Table_Base           
00003790  __TI_Handler_Table_Limit          
00002be5  __TI_auto_init_nobinit_nopinit    
00002699  __TI_decompress_lzss              
00003415  __TI_decompress_none              
ffffffff  __TI_pprof_out_hndl               
ffffffff  __TI_prof_data_size               
ffffffff  __TI_prof_data_start              
000036f8  __TI_static_base__                
00003135  __TI_zero_init_nomemset           
000034fb  __aeabi_idiv0                     
000034fb  __aeabi_ldiv0                     
000022c1  __aeabi_memclr                    
000022c1  __aeabi_memclr4                   
000022c1  __aeabi_memclr8                   
00001d5d  __aeabi_memcpy                    
00001d5d  __aeabi_memcpy4                   
00001d5d  __aeabi_memcpy8                   
000022c3  __aeabi_memset                    
000022c3  __aeabi_memset4                   
000022c3  __aeabi_memset8                   
00001df9  __aeabi_uldivmod                  
ffffffff  __binit__                         
ffffffff  __c_args__                        
UNDEFED   __mpu_init                        
2000f000  __stack                           
00002e4d  _c_int00_noargs                   
200082c4  _lock                             
000031eb  _nop                              
20000000  _sys_memory                       
UNDEFED   _system_post_cinit                
000034ed  _system_pre_init                  
200082c8  _unlock                           
000034f1  abort                             
00000c21  aligned_alloc                     
ffffffff  binit                             
00003447  clkFxn                            
00000d15  free                              
20008800  g_pfnRAMVectors                   
200082ec  gpioCallbackFunctions             
200082f0  gpioPinConfigs                    
00000000  interruptVectors                  
00003305  main                              
00001331  mainThread                        
000034a1  malloc                            
00000c21  memalign                          
00001d5d  memcpy                            
000022c9  memset                            
0000324d  resetISR                          
200083a0  uartMSP432Objects                 


GLOBAL SYMBOLS: SORTED BY Symbol Address 

address   name                              
-------   ----                              
00000000  interruptVectors                  
00000145  Power_sleep                       
0000043d  UARTMSP432_open                   
00000995  GPIO_setConfig                    
00000b05  UART_initModule                   
00000c21  aligned_alloc                     
00000c21  memalign                          
00000d15  free                              
00000dfd  CS_startHFXTWithTimeout           
00000ee1  CS_startLFXTWithTimeout           
00000fc1  TimerP_construct                  
00001000  __STACK_SIZE                      
000010a1  UARTMSP432_readPolling            
00001259  SwiP_construct                    
00001331  mainThread                        
000013f9  UARTMSP432_hwiIntFxn              
00001629  ClockP_startup                    
000016dd  UARTMSP432_control                
00001791  UARTMSP432_writePolling           
00001845  ClockP_workFuncDynamic            
000018f1  GPIO_init                         
00001a45  SemaphoreP_pend                   
00001ae5  UARTMSP432_write                  
00001c25  Power_init                        
00001cc1  SwiP_dispatch                     
00001d5d  __aeabi_memcpy                    
00001d5d  __aeabi_memcpy4                   
00001d5d  __aeabi_memcpy8                   
00001d5d  memcpy                            
00001df9  __aeabi_uldivmod                  
00001e8f  UARTMSP432_close                  
0000203f  Board_initHook                    
000020c5  ClockP_start                      
00002145  Interrupt_disableInterrupt        
000021c5  Interrupt_enableInterrupt         
000022c1  __aeabi_memclr                    
000022c1  __aeabi_memclr4                   
000022c1  __aeabi_memclr8                   
000022c3  __aeabi_memset                    
000022c3  __aeabi_memset4                   
000022c3  __aeabi_memset8                   
000022c9  memset                            
0000233d  ClockP_walkQueueDynamic           
000023b5  HwiP_construct                    
00002425  TimerP_getCurrentTick             
00002491  GPIO_hwiIntFxn                    
000024f9  Interrupt_pendInterrupt           
00002561  PowerMSP432_getFreqs              
000025c9  SwiP_post                         
00002631  UARTMSP432_writeCancel            
00002699  __TI_decompress_lzss              
00002701  GPIO_setCallback                  
00002761  Interrupt_registerInterrupt       
000027bd  GPIO_write                        
00002815  TimerP_dynamicStub                
000028c5  Interrupt_setPriority             
00002919  SemaphoreP_construct              
000029b5  ClockP_construct                  
000029fd  PowerMSP432_sleepPolicy           
00002a45  Power_releaseConstraint           
00002a8d  RingBuf_put                       
00002ad3  PowerMSP432_initPolicy            
00002ad5  SemaphoreP_post                   
00002b19  SwiP_restore                      
00002b5d  TimerP_start                      
00002ba1  UART_init                         
00002be5  __TI_auto_init_nobinit_nopinit    
00002c29  RingBuf_get                       
00002c69  TimerP_setNextTick                
00002ca9  UARTMSP432_read                   
00002ce9  UART_open                         
00002d69  TimerP_initDevice                 
00002da5  Power_setConstraint               
00002e15  UARTMSP432_readCancel             
00002e4b  PowerMSP432_updateFreqs           
00002e4d  _c_int00_noargs                   
00002eb1  HwiP_create                       
00002edb  UARTMSP432_init                   
00002edd  Power_registerNotify              
00002fa5  List_put                          
00002fcb  List_remove                       
00002ff1  ClockP_getTicks                   
00003015  ClockP_scheduleNextTick           
00003039  HwiP_dispatch                     
0000305d  CS_setExternalClockSourceFrequency
0000307d  ClockP_add                        
0000309d  Power_unregisterNotify            
000030bd  QueueP_put                        
000030dd  RingBuf_peek                      
000030fd  Interrupt_unregisterInterrupt     
00003119  SwiP_disable                      
00003135  __TI_zero_init_nomemset           
0000316d  ClockP_create                     
00003187  QueueP_get                        
000031a1  SemaphoreP_createBinary           
000031bb  ClockP_destruct                   
000031d3  HwiP_delete                       
000031eb  _nop                              
000031ed  HwiP_inISR                        
00003205  SysCtl_A_disableNMISource         
0000321d  SysCtl_A_enableNMISource          
00003235  UART_Params_init                  
0000324d  resetISR                          
00003265  SemaphoreP_create                 
00003291  Power_idleFunc                    
000032e1  HwiP_Params_init                  
000032f3  RingBuf_construct                 
00003305  main                              
00003319  ClockP_Params_init                
00003329  ClockP_delete                     
00003339  HwiP_disable                      
00003349  Interrupt_disableMaster           
00003359  Interrupt_enableMaster            
00003369  PowerMSP432_getNumPerfLevels      
00003379  Power_disablePolicy               
00003389  Power_enablePolicy                
00003399  SemaphoreP_Params_init            
000033a9  SwiP_Params_init                  
000033b9  SysCtl_A_getNMISourceStatus       
000033c9  SysCtl_getNMISourceStatus         
000033d9  TimerP_Params_init                
000033f9  QueueP_empty                      
00003407  QueueP_remove                     
00003415  __TI_decompress_none              
00003423  Board_init                        
0000342f  CPU_cpsid                         
0000343b  CPU_cpsie                         
00003447  clkFxn                            
00003449  ClockP_doTick                     
00003455  Power_getConstraintMask           
00003461  Power_getPerformanceLevel         
0000346d  TimerP_getFreq                    
00003479  TimerP_getMaxTicks                
00003485  UART_read                         
0000348f  UART_write                        
00003499  HwiP_restore                      
000034a1  malloc                            
000034c1  ClockP_stop                       
000034c7  QueueP_init                       
000034cd  ClockP_isActive                   
000034d1  ClockP_setTimeout                 
000034d5  HwiP_enable                       
000034d5  NoRTOS_start                      
000034d9  HwiP_post                         
000034dd  QueueP_head                       
000034e1  QueueP_next                       
000034e5  SemaphoreP_delete                 
000034e9  TimerP_setPeriod                  
000034ed  _system_pre_init                  
000034f1  C$$EXIT                           
000034f1  abort                             
000034fb  __aeabi_idiv0                     
000034fb  __aeabi_ldiv0                     
0000358c  PowerMSP432_config                
000035f0  UARTMSP432_fxnTable               
00003618  UART_defaultParams                
0000368a  UART_count                        
0000368c  GPIOMSP432_config                 
000036bc  UART_config                       
000036f8  __TI_static_base__                
00003784  __TI_Handler_Table_Base           
00003790  __TI_Handler_Table_Limit          
000037a0  __TI_CINIT_Base                   
000037b8  __TI_CINIT_Limit                  
00008000  __SYSMEM_SIZE                     
20000000  _sys_memory                       
20008140  PowerMSP432_perfLevels            
20008280  PowerMSP432_module                
200082c4  _lock                             
200082c8  _unlock                           
200082d4  SemaphoreP_defaultParams          
200082e0  ClockP_tickPeriod                 
200082e4  HwiP_key                          
200082e8  HwiP_swiPIntNum                   
200082ec  gpioCallbackFunctions             
200082f0  gpioPinConfigs                    
200083a0  uartMSP432Objects                 
20008800  g_pfnRAMVectors                   
2000f000  __stack                           
20010000  __STACK_END                       
4000480c  WDTCTL_SYM                        
ffffffff  __TI_pprof_out_hndl               
ffffffff  __TI_prof_data_size               
ffffffff  __TI_prof_data_start              
ffffffff  __binit__                         
ffffffff  __c_args__                        
ffffffff  binit                             
UNDEFED   __mpu_init                        
UNDEFED   _system_post_cinit                

[189 symbols]
